[backblue.gif]
[fade.gif]
[index.html]
[localhost/doancuoiki/feed/index.html]
[localhost/doancuoiki/comments/feed/index.html]
[localhost/doancuoiki/wp-content/themes/twentytwentythree/assets/fonts/dm-sans/DMSans-Regular.woff2]
[localhost/doancuoiki/wp-content/themes/twentytwentythree/assets/fonts/dm-sans/DMSans-Regular-Italic.woff2]
[localhost/doancuoiki/wp-content/themes/twentytwentythree/assets/fonts/dm-sans/DMSans-Bold.woff2]
[localhost/doancuoiki/wp-content/themes/twentytwentythree/assets/fonts/dm-sans/DMSans-Bold-Italic.woff2]
[localhost/doancuoiki/wp-content/themes/twentytwentythree/assets/fonts/ibm-plex-mono/IBMPlexMono-Light.woff2]
[localhost/doancuoiki/wp-content/themes/twentytwentythree/assets/fonts/ibm-plex-mono/IBMPlexMono-Regular.woff2]
[localhost/doancuoiki/wp-content/themes/twentytwentythree/assets/fonts/ibm-plex-mono/IBMPlexMono-Italic.woff2]
[localhost/doancuoiki/wp-content/themes/twentytwentythree/assets/fonts/ibm-plex-mono/IBMPlexMono-Bold.woff2]
[localhost/doancuoiki/wp-content/themes/twentytwentythree/assets/fonts/inter/Inter-VariableFont_slnt,wght.ttf]
[localhost/doancuoiki/wp-content/themes/twentytwentythree/assets/fonts/source-serif-pro/SourceSerif4Variable-Roman.ttf.woff2]
[localhost/doancuoiki/wp-content/themes/twentytwentythree/assets/fonts/source-serif-pro/SourceSerif4Variable-Italic.ttf.woff2]
[localhost/doancuoiki/wp-includes/blocks/navigation/view.min92fd.js]
[localhost/doancuoiki/wp-includes/blocks/navigation/view-modal.minad7f.js]
[localhost/doancuoiki/wp-includes/js/jquery/jquery.min3088.js]
[localhost/doancuoiki/wp-includes/js/jquery/jquery-migrate.min5589.js]
[localhost/doancuoiki/xmlrpc0db0.php]
[localhost/doancuoiki/wp-json/index.html]
[localhost/doancuoiki/wp-content/plugins/woocommerce/assets/js/jquery-blockui/jquery.blockUI.min808e.js]
[localhost/doancuoiki/wp-content/plugins/woocommerce/assets/js/frontend/add-to-cart.min2922.js]
[localhost/doancuoiki/wp-content/plugins/woocommerce/assets/js/js-cookie/js.cookie.minbb76.js]
[localhost/doancuoiki/wp-content/plugins/woocommerce/assets/js/frontend/woocommerce.min2922.js]
[localhost/doancuoiki/wp-content/plugins/woocommerce/assets/js/frontend/cart-fragments.min2922.js]
[localhost/doancuoiki/index.html]
[localhost/doancuoiki/wp-includes/blocks/navigation/style.min1ba4.css]
[localhost/doancuoiki/wp-content/plugins/woocommerce/assets/css/woocommerce-layout2922.css]
[localhost/doancuoiki/wp-content/plugins/woocommerce/assets/css/woocommerce-smallscreen2922.css]
[localhost/doancuoiki/wp-content/plugins/woocommerce/assets/fonts/star.eot]
[localhost/doancuoiki/wp-content/plugins/woocommerce/assets/fonts/stard41d.eot]
[localhost/doancuoiki/wp-content/plugins/woocommerce/assets/fonts/star.woff]
[localhost/doancuoiki/wp-content/plugins/woocommerce/assets/fonts/star.ttf]
[localhost/doancuoiki/wp-content/plugins/woocommerce/assets/fonts/WooCommerce.eot]
[localhost/doancuoiki/wp-content/plugins/woocommerce/assets/fonts/WooCommerce.woff]
[localhost/doancuoiki/wp-content/plugins/woocommerce/assets/fonts/WooCommerce.ttf]
[localhost/doancuoiki/wp-content/plugins/woocommerce/assets/fonts/WooCommerced41d.eot]
[localhost/doancuoiki/wp-content/plugins/woocommerce/assets/css/woocommerce-blocktheme2922.css]
[localhost/doancuoiki/wp-content/plugins/woocommerce/assets/css/twenty-twenty-three2922.css]
[localhost/doancuoiki/cua-hang/feed/index.html]
[localhost/doancuoiki/wp-content/uploads/2023/06/doancuoiki-7-2-450x450.jpg]
[localhost/doancuoiki/wp-content/uploads/2023/06/doancuoiki-84-450x450.jpg]
[localhost/doancuoiki/wp-content/uploads/2023/06/doancuoiki-2023-06-12T151623.948-450x450.jpg]
[localhost/doancuoiki/wp-content/uploads/2023/06/doancuoiki-6-2-450x450.jpg]
[localhost/doancuoiki/wp-content/uploads/2023/06/doancuoiki-60-450x450.jpg]
[localhost/doancuoiki/wp-content/uploads/2023/06/doancuoiki-88-450x450.jpg]
[localhost/doancuoiki/wp-content/uploads/2023/06/doancuoiki-79-450x450.jpg]
[localhost/doancuoiki/wp-content/uploads/2023/06/doancuoiki-58-450x450.jpg]
[localhost/doancuoiki/wp-content/uploads/2023/06/doancuoiki-39-1-450x450.jpg]
[localhost/doancuoiki/wp-content/uploads/2023/06/doancuoiki-2023-06-12T154413.879-450x450.jpg]
[localhost/doancuoiki/wp-content/uploads/2023/06/doancuoiki-28-450x450.jpg]
[localhost/doancuoiki/wp-content/uploads/2023/06/doancuoiki-47-450x450.jpg]
[localhost/doancuoiki/wp-includes/js/jquery/ui/core.min3f14.js]
[localhost/doancuoiki/wp-includes/js/jquery/ui/mouse.min3f14.js]
[localhost/doancuoiki/wp-includes/js/jquery/ui/draggable.min3f14.js]
[localhost/doancuoiki/wp-includes/js/underscore.mind584.js]
[localhost/doancuoiki/wp-includes/js/backbone.min330a.js]
[localhost/doancuoiki/wp-content/plugins/elementor/assets/lib/backbone/backbone.marionette.min4ae5.js]
[localhost/doancuoiki/wp-content/plugins/elementor/assets/lib/backbone/backbone.radio.min4b68.js]
[localhost/doancuoiki/wp-content/plugins/elementor/assets/js/common-modules.mina44d.js]
[localhost/doancuoiki/wp-content/plugins/elementor/assets/js/web-cli.mina44d.js]
[localhost/doancuoiki/wp-content/plugins/elementor/assets/lib/dialog/dialog.mind227.js]
[localhost/doancuoiki/wp-includes/js/api-request.min1ba4.js]
[localhost/doancuoiki/wp-content/plugins/elementor/assets/js/dev-tools.mina44d.js]
[localhost/doancuoiki/wp-includes/js/dist/vendor/wp-polyfill-inert.min0226.js]
[localhost/doancuoiki/wp-includes/js/dist/vendor/regenerator-runtime.min8fa4.js]
[localhost/doancuoiki/wp-includes/js/dist/vendor/wp-polyfill.min2c7c.js]
[localhost/doancuoiki/wp-includes/js/dist/hooks.min6c65.js]
[localhost/doancuoiki/wp-includes/js/dist/i18n.mine57b.js]
[localhost/doancuoiki/wp-content/plugins/elementor/assets/js/common.mina44d.js]
[localhost/doancuoiki/wp-content/plugins/elementor/assets/js/app-loader.mina44d.js]
[localhost/doancuoiki/cua-hang/index.html]
[localhost/doancuoiki/wp-json/wp/v2/pages/8.json]
[localhost/doancuoiki/wp-json/oembed/1.0/embed8811.json]
[localhost/doancuoiki/wp-json/oembed/1.0/embed31ba]
[localhost/doancuoiki/wp-content/plugins/woocommerce/assets/js/frontend/country-select.min2922.js]
[localhost/doancuoiki/wp-content/plugins/woocommerce/assets/js/frontend/address-i18n.min2922.js]
[localhost/doancuoiki/wp-content/plugins/woocommerce/assets/js/frontend/cart.min2922.js]
[localhost/doancuoiki/wp-content/plugins/woocommerce/assets/js/selectWoo/selectWoo.full.min3b28.js]
[localhost/doancuoiki/gio-hang/index.html]
[localhost/doancuoiki/wp-json/wp/v2/pages/2.json]
[localhost/doancuoiki/sample-page/feed/index.html]
[localhost/doancuoiki/wp-json/oembed/1.0/embedc411.json]
[localhost/doancuoiki/wp-json/oembed/1.0/embedd0bf]
[localhost/doancuoiki/sample-page/index.html]
[localhost/doancuoiki/wp-json/wp/v2/pages/10.json]
[localhost/doancuoiki/wp-json/oembed/1.0/embeda8c2.json]
[localhost/doancuoiki/wp-json/oembed/1.0/embed68d9]
[localhost/doancuoiki/tai-khoan/index.html]
[localhost/doancuoiki/thanh-toan/index.html]
[localhost/doancuoiki/blog/2023/06/12/hello-world/feed/index.html]
[localhost/doancuoiki/wp-json/wp/v2/posts/1.json]
[localhost/doancuoiki/wp-json/oembed/1.0/embedf00d.json]
[localhost/doancuoiki/wp-json/oembed/1.0/embedbbcf]
[localhost/doancuoiki/blog/2023/06/12/hello-world/index.html]
[localhost/doancuoiki/wp-includes/js/comment-reply.min1ba4.js]
[localhost/doancuoiki/wp-content/plugins/woocommerce/assets/fonts/star.svg]
[localhost/doancuoiki/wp-content/plugins/woocommerce/assets/fonts/WooCommerce.svg]
[localhost/doancuoiki/wp-content/plugins/woocommerce/assets/images/icons/loader.svg]
[localhost/doancuoiki/wp-content/plugins/woocommerce/packages/woocommerce-blocks/build/wc-blocks-vendors-style0a14.css]
[localhost/doancuoiki/wp-content/plugins/woocommerce/packages/woocommerce-blocks/build/wc-blocks-style0a14.css]
[localhost/doancuoiki/wp-content/plugins/elementor/assets/lib/eicons/fonts/eiconsb732.eot]
[localhost/doancuoiki/wp-content/plugins/elementor/assets/lib/eicons/fonts/eiconsb732.woff2]
[localhost/doancuoiki/wp-content/plugins/elementor/assets/lib/eicons/fonts/eiconsb732.woff]
[localhost/doancuoiki/wp-content/plugins/elementor/assets/lib/eicons/fonts/eiconsb732.ttf]
[localhost/doancuoiki/wp-content/plugins/elementor/assets/lib/eicons/css/elementor-icons.minfc13.css]
[localhost/doancuoiki/wp-content/plugins/elementor/assets/css/common.mina44d.css]
[localhost/doancuoiki/wp-content/plugins/elementor/assets/css/theme-light.mina44d.css]
[localhost/doancuoiki/san-pham/annya-kamidi/feed/index.html]
[localhost/doancuoiki/wp-json/wp/v2/product/234.json]
[localhost/doancuoiki/wp-json/oembed/1.0/embed01f6.json]
[localhost/doancuoiki/wp-json/oembed/1.0/embedd104]
[localhost/doancuoiki/wp-content/uploads/2023/06/doancuoiki-7-2.jpg]
[localhost/doancuoiki/wp-content/uploads/2023/06/doancuoiki-7-2-600x403.jpg]
[localhost/doancuoiki/wp-content/uploads/2023/06/doancuoiki-89.jpg]
[localhost/doancuoiki/wp-content/uploads/2023/06/doancuoiki-62.jpg]
[localhost/doancuoiki/wp-content/uploads/2023/06/doancuoiki-52.jpg]
[localhost/doancuoiki/wp-content/uploads/2023/06/doancuoiki-2023-06-12T151623.947-450x450.jpg]
[localhost/doancuoiki/wp-content/uploads/2023/06/doancuoiki-87-450x450.jpg]
[localhost/doancuoiki/wp-content/plugins/woocommerce/assets/js/zoom/jquery.zoom.mina8e7.js]
[localhost/doancuoiki/wp-content/plugins/woocommerce/assets/js/flexslider/jquery.flexslider.min84a7.js]
[localhost/doancuoiki/wp-content/plugins/woocommerce/assets/js/photoswipe/photoswipe.min6a36.js]
[localhost/doancuoiki/wp-content/plugins/woocommerce/assets/js/photoswipe/photoswipe-ui-default.min6a36.js]
[localhost/doancuoiki/wp-content/plugins/woocommerce/assets/js/frontend/single-product.min2922.js]
[localhost/doancuoiki/san-pham/annya-kamidi/index.html]
[localhost/doancuoiki/cua-hang/index77db.html]
[localhost/doancuoiki/san-pham/bun-of-flowers/feed/index.html]
[localhost/doancuoiki/wp-json/wp/v2/product/252.json]
[localhost/doancuoiki/wp-json/oembed/1.0/embed0e1e.json]
[localhost/doancuoiki/wp-json/oembed/1.0/embed7f65]
[localhost/doancuoiki/wp-content/uploads/2023/06/doancuoiki-84.jpg]
[localhost/doancuoiki/wp-content/uploads/2023/06/doancuoiki-22.jpg]
[localhost/doancuoiki/wp-content/uploads/2023/06/doancuoiki-21-1.jpg]
[localhost/doancuoiki/wp-content/uploads/2023/06/doancuoiki-19.jpg]
[localhost/doancuoiki/wp-content/uploads/2023/06/doancuoiki-19-600x713.jpg]
[localhost/doancuoiki/wp-content/uploads/2023/06/doancuoiki-30-1.jpg]
[localhost/doancuoiki/wp-content/uploads/2023/06/doancuoiki-2023-06-12T151623.954-450x450.jpg]
[localhost/doancuoiki/wp-content/uploads/2023/06/doancuoiki-2023-06-12T154428.317-450x450.jpg]
[localhost/doancuoiki/wp-content/uploads/2023/06/doancuoiki-52-450x450.jpg]
[localhost/doancuoiki/san-pham/bun-of-flowers/index.html]
[localhost/doancuoiki/cua-hang/indexeaa3.html]
[localhost/doancuoiki/wp-json/wp/v2/product/251.json]
[localhost/doancuoiki/san-pham/buttercup/feed/index.html]
[localhost/doancuoiki/wp-json/oembed/1.0/embedca39.json]
[localhost/doancuoiki/wp-json/oembed/1.0/embed4f3e]
[localhost/doancuoiki/wp-content/uploads/2023/06/doancuoiki-2023-06-12T151623.948.jpg]
[localhost/doancuoiki/wp-content/uploads/2023/06/doancuoiki-12.jpg]
[localhost/doancuoiki/wp-content/uploads/2023/06/doancuoiki-34-1-450x450.jpg]
[localhost/doancuoiki/wp-content/uploads/2023/06/doancuoiki-63-1-450x450.jpg]
[localhost/doancuoiki/san-pham/buttercup/index.html]
[localhost/doancuoiki/cua-hang/indexa528.html]
[localhost/doancuoiki/wp-json/wp/v2/product/282.json]
[localhost/doancuoiki/san-pham/carnation-sao-chep/feed/index.html]
[localhost/doancuoiki/wp-json/oembed/1.0/embed8b75.json]
[localhost/doancuoiki/wp-json/oembed/1.0/embed5502]
[localhost/doancuoiki/wp-content/uploads/2023/06/doancuoiki-6-2.jpg]
[localhost/doancuoiki/wp-content/uploads/2023/06/doancuoiki-6-2-600x403.jpg]
[localhost/doancuoiki/wp-content/uploads/2023/06/doancuoiki-2023-06-12T154505.996.jpg]
[localhost/doancuoiki/wp-content/uploads/2023/06/doancuoiki-2023-06-12T154505.996-600x713.jpg]
[localhost/doancuoiki/wp-content/uploads/2023/06/doancuoiki-2023-06-12T154504.693.jpg]
[localhost/doancuoiki/wp-content/uploads/2023/06/doancuoiki-2023-06-12T154504.693-600x713.jpg]
[localhost/doancuoiki/wp-content/uploads/2023/06/doancuoiki-2023-06-12T154428.317.jpg]
[localhost/doancuoiki/wp-content/uploads/2023/06/doancuoiki-2023-06-12T154428.317-600x713.jpg]
[localhost/doancuoiki/wp-includes/js/wp-util.min1ba4.js]
[localhost/doancuoiki/wp-content/plugins/woocommerce/assets/js/frontend/add-to-cart-variation.min2922.js]
[localhost/doancuoiki/san-pham/carnation-sao-chep/index.html]
[localhost/doancuoiki/wp-json/wp/v2/product/248.json]
[localhost/doancuoiki/wp-json/oembed/1.0/embede6bc.json]
[localhost/doancuoiki/wp-json/oembed/1.0/embedeabb]
[localhost/doancuoiki/san-pham/chrysanthemum/feed/index.html]
[localhost/doancuoiki/wp-content/uploads/2023/06/doancuoiki-60.jpg]
[localhost/doancuoiki/wp-content/uploads/2023/06/doancuoiki-60-600x403.jpg]
[localhost/doancuoiki/wp-content/uploads/2023/06/doancuoiki-78.jpg]
[localhost/doancuoiki/wp-content/uploads/2023/06/doancuoiki-78-600x713.jpg]
[localhost/doancuoiki/wp-content/uploads/2023/06/doancuoiki-77.jpg]
[localhost/doancuoiki/wp-content/uploads/2023/06/doancuoiki-77-600x713.jpg]
[localhost/doancuoiki/wp-content/uploads/2023/06/doancuoiki-34.jpg]
[localhost/doancuoiki/san-pham/chrysanthemum/index.html]
[localhost/doancuoiki/cua-hang/indexd9a5.html]
[localhost/doancuoiki/wp-json/wp/v2/product/244.json]
[localhost/doancuoiki/san-pham/cry-tree/feed/index.html]
[localhost/doancuoiki/wp-json/oembed/1.0/embed0729.json]
[localhost/doancuoiki/wp-json/oembed/1.0/embed30ce]
[localhost/doancuoiki/wp-content/uploads/2023/06/doancuoiki-88.jpg]
[localhost/doancuoiki/wp-content/uploads/2023/06/doancuoiki-88-600x403.jpg]
[localhost/doancuoiki/san-pham/cry-tree/index.html]
[localhost/doancuoiki/cua-hang/index7188.html]
[localhost/doancuoiki/wp-json/wp/v2/product/253.json]
[localhost/doancuoiki/san-pham/daffodil/feed/index.html]
[localhost/doancuoiki/wp-json/oembed/1.0/embed417c.json]
[localhost/doancuoiki/wp-json/oembed/1.0/embede90a]
[localhost/doancuoiki/wp-content/uploads/2023/06/doancuoiki-79.jpg]
[localhost/doancuoiki/wp-content/uploads/2023/06/doancuoiki-76.jpg]
[localhost/doancuoiki/wp-content/uploads/2023/06/doancuoiki-76-600x713.jpg]
[localhost/doancuoiki/wp-content/uploads/2023/06/doancuoiki-73.jpg]
[localhost/doancuoiki/wp-content/uploads/2023/06/doancuoiki-73-600x403.jpg]
[localhost/doancuoiki/san-pham/daffodil/index.html]
[localhost/doancuoiki/wp-json/wp/v2/product/246.json]
[localhost/doancuoiki/san-pham/evergreen/feed/index.html]
[localhost/doancuoiki/wp-json/oembed/1.0/embedea1f.json]
[localhost/doancuoiki/wp-json/oembed/1.0/embedd0da]
[localhost/doancuoiki/wp-content/uploads/2023/06/doancuoiki-58.jpg]
[localhost/doancuoiki/wp-content/uploads/2023/06/doancuoiki-29-1-450x450.jpg]
[localhost/doancuoiki/san-pham/evergreen/index.html]
[localhost/doancuoiki/cua-hang/indexcb0b.html]
[localhost/doancuoiki/san-pham/evergreen-2/feed/index.html]
[localhost/doancuoiki/wp-json/wp/v2/product/280.json]
[localhost/doancuoiki/wp-json/oembed/1.0/embed6106.json]
[localhost/doancuoiki/wp-json/oembed/1.0/embed5e85]
[localhost/doancuoiki/san-pham/evergreen-2/index.html]
[localhost/doancuoiki/wp-content/uploads/2023/06/doancuoiki-20-450x450.jpg]
[localhost/doancuoiki/cua-hang/index700a.html]
[localhost/doancuoiki/san-pham/foxglove/feed/index.html]
[localhost/doancuoiki/wp-json/wp/v2/product/250.json]
[localhost/doancuoiki/wp-json/oembed/1.0/embed887f.json]
[localhost/doancuoiki/wp-json/oembed/1.0/embed736a]
[localhost/doancuoiki/san-pham/foxglove/index.html]
[localhost/doancuoiki/cua-hang/index1270.html]
[localhost/doancuoiki/san-pham/freddie-calathea/feed/index.html]
[localhost/doancuoiki/wp-json/wp/v2/product/63.json]
[localhost/doancuoiki/wp-json/oembed/1.0/embedf258.json]
[localhost/doancuoiki/wp-json/oembed/1.0/embed2604]
[localhost/doancuoiki/wp-content/uploads/2023/06/doancuoiki-39-1.jpg]
[localhost/doancuoiki/wp-content/uploads/2023/06/doancuoiki-20-1.jpg]
[localhost/doancuoiki/wp-content/uploads/2023/06/doancuoiki-20-1-600x713.jpg]
[localhost/doancuoiki/wp-content/uploads/2023/06/doancuoiki-38-1.jpg]
[localhost/doancuoiki/wp-content/uploads/2023/06/doancuoiki-18-1.jpg]
[localhost/doancuoiki/wp-content/uploads/2023/06/doancuoiki-18-1-600x713.jpg]
[localhost/doancuoiki/san-pham/freddie-calathea/index.html]
[localhost/doancuoiki/cua-hang/indexc887.html]
[localhost/doancuoiki/wp-json/wp/v2/product/259.json]
[localhost/doancuoiki/san-pham/fruit-tree/feed/index.html]
[localhost/doancuoiki/wp-json/oembed/1.0/embed1f58.json]
[localhost/doancuoiki/wp-json/oembed/1.0/embed6af8]
[localhost/doancuoiki/wp-content/uploads/2023/06/doancuoiki-87.jpg]
[localhost/doancuoiki/wp-content/uploads/2023/06/doancuoiki-87-600x403.jpg]
[localhost/doancuoiki/wp-content/uploads/2023/06/doancuoiki-86.jpg]
[localhost/doancuoiki/wp-content/uploads/2023/06/doancuoiki-2023-06-12T151623.955.jpg]
[localhost/doancuoiki/san-pham/fruit-tree/index.html]
[localhost/doancuoiki/wp-json/wp/v2/product/249.json]
[localhost/doancuoiki/wp-json/oembed/1.0/embed4ec3.json]
[localhost/doancuoiki/san-pham/geranium/feed/index.html]
[localhost/doancuoiki/wp-json/oembed/1.0/embedea44]
[localhost/doancuoiki/wp-content/uploads/2023/06/doancuoiki-2023-06-12T154413.879.jpg]
[localhost/doancuoiki/wp-content/uploads/2023/06/doancuoiki-2023-06-12T154413.879-600x713.jpg]
[localhost/doancuoiki/san-pham/geranium/index.html]
[localhost/doancuoiki/cua-hang/indexfaa8.html]
[localhost/doancuoiki/wp-json/wp/v2/product/245.json]
[localhost/doancuoiki/san-pham/it-tree/feed/index.html]
[localhost/doancuoiki/wp-json/oembed/1.0/embedd0da.json]
[localhost/doancuoiki/wp-json/oembed/1.0/embed601a]
[localhost/doancuoiki/wp-content/uploads/2023/06/doancuoiki-28.jpg]
[localhost/doancuoiki/san-pham/it-tree/index.html]
[localhost/doancuoiki/cua-hang/index23a0.html]
[localhost/doancuoiki/wp-json/wp/v2/product/243.json]
[localhost/doancuoiki/san-pham/love-tree/feed/index.html]
[localhost/doancuoiki/wp-json/oembed/1.0/embed6a36.json]
[localhost/doancuoiki/wp-json/oembed/1.0/embed537c]
[localhost/doancuoiki/wp-content/uploads/2023/06/doancuoiki-47.jpg]
[localhost/doancuoiki/san-pham/love-tree/index.html]
[localhost/doancuoiki/wp-content/uploads/2023/06/doancuoiki-47-600x403.jpg]
[localhost/doancuoiki/cua-hang/index2b08.html]
[localhost/doancuoiki/san-pham/love-tree-2/feed/index.html]
[localhost/doancuoiki/wp-json/wp/v2/product/281.json]
[localhost/doancuoiki/wp-json/oembed/1.0/embed84dd.json]
[localhost/doancuoiki/wp-json/oembed/1.0/embed0325]
[localhost/doancuoiki/san-pham/love-tree-2/index.html]
[localhost/doancuoiki/cua-hang/indexa38d.html]
[localhost/doancuoiki/wp-content/uploads/2023/06/doancuoiki-2023-06-12T151623.950-450x450.jpg]
[localhost/doancuoiki/wp-content/uploads/2023/06/doancuoiki-56-450x450.jpg]
[localhost/doancuoiki/wp-content/uploads/2023/06/doancuoiki-85-450x450.jpg]
[localhost/doancuoiki/cua-hang/page/2/index.html]
[localhost/doancuoiki/cua-hang/page/3/index.html]
[localhost/doancuoiki/wp-content/plugins/woocommerce/assets/css/select22922.css]
[localhost/doancuoiki/index2df4.html]
[localhost/doancuoiki/index905b.html]
[localhost/doancuoiki/wp-admin/index.html]
[localhost/doancuoiki/index64b4.html]
[localhost/doancuoiki/wp-includes/js/zxcvbn-async.min5152.js]
[localhost/doancuoiki/wp-admin/js/password-strength-meter.min1ba4.js]
[localhost/doancuoiki/wp-content/plugins/woocommerce/assets/js/frontend/password-strength-meter.min2922.js]
[localhost/doancuoiki/wp-content/plugins/woocommerce/assets/js/frontend/lost-password.min2922.js]
[localhost/doancuoiki/tai-khoan/lost-password/index.html]
[localhost/doancuoiki/indexcff1.html]
[localhost/doancuoiki/blog/category/uncategorized/feed/index.html]
[localhost/doancuoiki/wp-json/wp/v2/categories/1.json]
[localhost/doancuoiki/blog/category/uncategorized/index.html]
[localhost/doancuoiki/blog/2023/06/12/hello-world/index6809.html]
[localhost/doancuoiki/wp-content/plugins/elementor/assets/lib/eicons/fonts/eiconsb732.svg]
[localhost/doancuoiki/wp-content/plugins/woocommerce/assets/css/photoswipe/default-skin/default-skin.png]
[localhost/doancuoiki/wp-content/plugins/woocommerce/assets/css/photoswipe/photoswipe.min2922.css]
[localhost/doancuoiki/wp-content/plugins/woocommerce/assets/css/photoswipe/default-skin/preloader.gif]
[localhost/doancuoiki/wp-content/plugins/woocommerce/assets/css/photoswipe/default-skin/default-skin.min2922.css]
[localhost/doancuoiki/index6cd9.html]
[localhost/doancuoiki/danh-muc-san-pham/low-maintenance/feed/index.html]
[localhost/doancuoiki/wp-json/wp/v2/product_cat/18.json]
[localhost/doancuoiki/danh-muc-san-pham/low-maintenance/index.html]
[localhost/doancuoiki/danh-muc-san-pham/plant-bundle/feed/index.html]
[localhost/doancuoiki/wp-json/wp/v2/product_cat/19.json]
[localhost/doancuoiki/danh-muc-san-pham/plant-bundle/index.html]
[localhost/doancuoiki/wp-json/wp/v2/product_tag/20.json]
[localhost/doancuoiki/tu-khoa-san-pham/hot/index.html]
[localhost/doancuoiki/wp-json/wp/v2/product_tag/24.json]
[localhost/doancuoiki/tu-khoa-san-pham/men/index.html]
[localhost/doancuoiki/tu-khoa-san-pham/hot/feed/index.html]
[localhost/doancuoiki/wp-json/wp/v2/product/236.e5.delayed]
[localhost/doancuoiki/wp-json/oembed/1.0/embede049.json]
[localhost/doancuoiki/wp-json/oembed/1.0/embed91ad]
[localhost/doancuoiki/wp-content/uploads/2023/06/doancuoiki-2023-06-12T151623.947.jpg]
[localhost/doancuoiki/san-pham/the-lion-tree/index.html]
[localhost/doancuoiki/san-pham/annya-kamidi/index5b8d.html]
[localhost/doancuoiki/san-pham/annya-kamidi/index7188.html]
[localhost/doancuoiki/san-pham/annya-kamidi/indexcb0b.html]
[localhost/doancuoiki/tu-khoa-san-pham/men/feed/index.html]
[localhost/doancuoiki/wp-json/wp/v2/product/229.json]
[localhost/doancuoiki/wp-json/oembed/1.0/embedfca1.json]
[localhost/doancuoiki/wp-json/oembed/1.0/embed4081]
[localhost/doancuoiki/san-pham/the-beginner-set/index.html]
[localhost/doancuoiki/san-pham/the-lion-tree/feed/index.html]
[localhost/doancuoiki/indexa943.html]
[localhost/doancuoiki/wp-json/wp/v2/product_cat/15.json]
[localhost/doancuoiki/danh-muc-san-pham/air-purifying/index.html]
[localhost/doancuoiki/wp-json/wp/v2/product_cat/16.json]
[localhost/doancuoiki/danh-muc-san-pham/ceramic-pots/index.html]
[localhost/doancuoiki/san-pham/the-beginner-set/feed/index.html]
[localhost/doancuoiki/wp-json/wp/v2/product_tag/21.json]
[localhost/doancuoiki/tu-khoa-san-pham/trend/index.html]
[localhost/doancuoiki/danh-muc-san-pham/air-purifying/feed/index.html]
[localhost/doancuoiki/wp-json/wp/v2/product/225.json]
[localhost/doancuoiki/wp-json/oembed/1.0/embed0511.json]
[localhost/doancuoiki/wp-json/oembed/1.0/embed6322]
[localhost/doancuoiki/wp-content/uploads/2023/06/doancuoiki-2023-06-12T151623.954.jpg]
[localhost/doancuoiki/san-pham/tiger-aloe/index.html]
[localhost/doancuoiki/san-pham/bun-of-flowers/index8ff5.html]
[localhost/doancuoiki/san-pham/bun-of-flowers/index23a0.html]
[localhost/doancuoiki/wp-json/wp/v2/product/207.json]
[localhost/doancuoiki/danh-muc-san-pham/ceramic-pots/feed/index.html]
[localhost/doancuoiki/wp-json/oembed/1.0/embed5f27.json]
[localhost/doancuoiki/wp-json/oembed/1.0/embedf297]
[localhost/doancuoiki/wp-content/uploads/2023/06/doancuoiki-2023-06-12T154415.453.jpg]
[localhost/doancuoiki/wp-content/uploads/2023/06/doancuoiki-2023-06-12T154415.453-600x713.jpg]
[localhost/doancuoiki/san-pham/pine-tree/index.html]
[localhost/doancuoiki/san-pham/bun-of-flowers/index6f32.html]
[localhost/doancuoiki/tu-khoa-san-pham/trend/feed/index.html]
[localhost/doancuoiki/wp-json/wp/v2/product/198.json]
[localhost/doancuoiki/wp-json/oembed/1.0/embedc033.json]
[localhost/doancuoiki/wp-json/oembed/1.0/embede88e]
[localhost/doancuoiki/san-pham/philippine-evergreen/index.html]
[localhost/doancuoiki/san-pham/bun-of-flowers/index6f15.html]
[localhost/doancuoiki/indexd6e1.html]
[localhost/doancuoiki/san-pham/tiger-aloe/feed/index.html]
[localhost/doancuoiki/wp-json/wp/v2/product/247.json]
[localhost/doancuoiki/wp-json/oembed/1.0/embed579f.json]
[localhost/doancuoiki/wp-json/oembed/1.0/embed7fb3]
[localhost/doancuoiki/san-pham/snowdrop/index.html]
[localhost/doancuoiki/san-pham/pine-tree/feed/index.html]
[localhost/doancuoiki/san-pham/buttercup/indexf314.html]
[localhost/doancuoiki/wp-json/wp/v2/product/227.json]
[localhost/doancuoiki/wp-json/oembed/1.0/embed729a.json]
[localhost/doancuoiki/san-pham/philippine-evergreen/feed/index.html]
[localhost/doancuoiki/wp-json/oembed/1.0/embed9fb6]
[localhost/doancuoiki/wp-content/uploads/2023/06/doancuoiki-34-1.jpg]
[localhost/doancuoiki/san-pham/umbrella-tree/index.html]
[localhost/doancuoiki/san-pham/buttercup/indexd06d.html]
[localhost/doancuoiki/san-pham/snowdrop/feed/index.html]
[localhost/doancuoiki/wp-json/wp/v2/product/242.json]
[localhost/doancuoiki/wp-json/oembed/1.0/embed8fa9.json]
[localhost/doancuoiki/wp-json/oembed/1.0/embed8c89]
[localhost/doancuoiki/san-pham/umbrella-tree/feed/index.html]
[localhost/doancuoiki/wp-content/uploads/2023/06/doancuoiki-63-1.105.delayed]
[localhost/doancuoiki/wp-content/uploads/2023/06/doancuoiki-63-1-600x713.jpg]
[localhost/doancuoiki/san-pham/mon-tree/index.html]
[localhost/doancuoiki/san-pham/buttercup/index474e.html]
[localhost/doancuoiki/indexa8da.html]
[localhost/doancuoiki/san-pham/mon-tree/feed/index.html]
[localhost/doancuoiki/wp-json/wp/v2/product_cat/17.json]
[localhost/doancuoiki/danh-muc-san-pham/indoor-plants/index.html]
[localhost/doancuoiki/wp-json/wp/v2/product/264.json]
[localhost/doancuoiki/danh-muc-san-pham/indoor-plants/feed/index.html]
[localhost/doancuoiki/wp-json/oembed/1.0/embed066b.json]
[localhost/doancuoiki/wp-json/oembed/1.0/embed5d8c]
[localhost/doancuoiki/wp-content/uploads/2023/06/doancuoiki-2023-06-12T151623.945.jpg]
[localhost/doancuoiki/wp-content/uploads/2023/06/doancuoiki-2023-06-12T151623.945-600x713.jpg]
[localhost/doancuoiki/wp-content/uploads/2023/06/doancuoiki-2023-06-12T151623.944-1.jpg]
[localhost/doancuoiki/san-pham/pine-cone/feed/index.html]
[localhost/doancuoiki/wp-content/uploads/2023/06/doancuoiki-2023-06-12T151623.944-1-600x713.jpg]
[localhost/doancuoiki/san-pham/pine-cone/index.html]
[localhost/doancuoiki/wp-json/wp/v2/product/56.json]
[localhost/doancuoiki/san-pham/kangaroo-paw-fern/feed/index.html]
[localhost/doancuoiki/wp-json/oembed/1.0/embed71a5.json]
[localhost/doancuoiki/wp-json/oembed/1.0/embed099e]
[localhost/doancuoiki/san-pham/kangaroo-paw-fern/index.html]
[localhost/doancuoiki/san-pham/carnation-sao-chep/index6fc7.html]
[localhost/doancuoiki/san-pham/carnation-sao-chep/index1270.html]
[localhost/doancuoiki/san-pham/carnation-sao-chep/indexa528.html]
[localhost/doancuoiki/san-pham/carnation-sao-chep/indexf314.html]
[localhost/doancuoiki/indexcf9a.html]
[localhost/doancuoiki/san-pham/chrysanthemum/index8ff5.html]
[localhost/doancuoiki/san-pham/chrysanthemum/index474e.html]
[localhost/doancuoiki/san-pham/chrysanthemum/index6f15.html]
[localhost/doancuoiki/san-pham/chrysanthemum/indexfaa8.html]
[localhost/doancuoiki/index4978.html]
[localhost/doancuoiki/tu-khoa-san-pham/life-style/feed/index.html]
[localhost/doancuoiki/wp-json/wp/v2/product_tag/23.json]
[localhost/doancuoiki/tu-khoa-san-pham/life-style/index.html]
[localhost/doancuoiki/san-pham/cry-tree/index2b08.html]
[localhost/doancuoiki/san-pham/cry-tree/indexa528.html]
[localhost/doancuoiki/san-pham/cry-tree/indexfaa8.html]
[localhost/doancuoiki/san-pham/cry-tree/indexd06d.html]
[localhost/doancuoiki/index5ed0.html]
[localhost/doancuoiki/san-pham/daffodil/index5b8d.html]
[localhost/doancuoiki/san-pham/daffodil/index7188.html]
[localhost/doancuoiki/san-pham/daffodil/indexd06d.html]
[localhost/doancuoiki/index88a0.html]
[localhost/doancuoiki/san-pham/evergreen/index23a0.html]
[localhost/doancuoiki/san-pham/evergreen/indexc887.html]
[localhost/doancuoiki/wp-json/wp/v2/product/199.json]
[localhost/doancuoiki/san-pham/ruby-rubber-tree/feed/index.html]
[localhost/doancuoiki/wp-json/oembed/1.0/embed1929.json]
[localhost/doancuoiki/wp-json/oembed/1.0/embed9f25]
[localhost/doancuoiki/wp-content/uploads/2023/06/doancuoiki-29-1.jpg]
[localhost/doancuoiki/wp-content/uploads/2023/06/doancuoiki-37-1.jpg]
[localhost/doancuoiki/san-pham/ruby-rubber-tree/index.html]
[localhost/doancuoiki/san-pham/evergreen/index4bb2.html]
[localhost/doancuoiki/index90dd.html]
[localhost/doancuoiki/san-pham/evergreen-2/indexa528.html]
[localhost/doancuoiki/san-pham/evergreen-2/indexeaa3.html]
[localhost/doancuoiki/wp-json/wp/v2/product/70.json]
[localhost/doancuoiki/wp-json/oembed/1.0/embed26a6.json]
[localhost/doancuoiki/san-pham/palm/feed/index.html]
[localhost/doancuoiki/wp-json/oembed/1.0/embedb70f]
[localhost/doancuoiki/wp-content/uploads/2023/06/doancuoiki-20.jpg]
[localhost/doancuoiki/wp-content/uploads/2023/06/doancuoiki-20-600x713.jpg]
[localhost/doancuoiki/san-pham/palm/index.html]
[localhost/doancuoiki/san-pham/evergreen-2/indexf6b1.html]
[localhost/doancuoiki/san-pham/evergreen-2/indexd06d.html]
[localhost/doancuoiki/san-pham/evergreen-2/index23a0.html]
[localhost/doancuoiki/indexc807.html]
[localhost/doancuoiki/san-pham/foxglove/index23a0.html]
[localhost/doancuoiki/san-pham/foxglove/index4bb2.html]
[localhost/doancuoiki/san-pham/foxglove/index7188.html]
[localhost/doancuoiki/wp-json/wp/v2/product/241.json]
[localhost/doancuoiki/wp-json/oembed/1.0/embedbe4a.json]
[localhost/doancuoiki/san-pham/tree-tea/feed/index.html]
[localhost/doancuoiki/wp-json/oembed/1.0/embed3dbc]
[localhost/doancuoiki/san-pham/tree-tea/index.html]
[localhost/doancuoiki/san-pham/foxglove/indexcf4f.html]
[localhost/doancuoiki/index2cce.html]
[localhost/doancuoiki/tu-khoa-san-pham/fashion/feed/index.html]
[localhost/doancuoiki/wp-json/wp/v2/product_tag/25.json]
[localhost/doancuoiki/tu-khoa-san-pham/fashion/index.html]
[localhost/doancuoiki/san-pham/freddie-calathea/indexeaa3.html]
[localhost/doancuoiki/san-pham/freddie-calathea/indexcb0b.html]
[localhost/doancuoiki/san-pham/freddie-calathea/index4bb2.html]
[localhost/doancuoiki/indexc544.html]
[localhost/doancuoiki/san-pham/carnation/feed/index.html]
[localhost/doancuoiki/wp-json/wp/v2/product/273.json]
[localhost/doancuoiki/wp-json/oembed/1.0/embed1492.json]
[localhost/doancuoiki/wp-json/oembed/1.0/embed4540]
[localhost/doancuoiki/san-pham/carnation/index.html]
[localhost/doancuoiki/san-pham/fruit-tree/indexfaa8.html]
[localhost/doancuoiki/san-pham/fruit-tree/indexa528.html]
[localhost/doancuoiki/san-pham/fruit-tree/indexd9a5.html]
[localhost/doancuoiki/san-pham/fruit-tree/index5b8d.html]
[localhost/doancuoiki/index1a93.html]
[localhost/doancuoiki/san-pham/geranium/index1270.html]
[localhost/doancuoiki/san-pham/geranium/index8ff5.html]
[localhost/doancuoiki/san-pham/geranium/index6f15.html]
[localhost/doancuoiki/san-pham/geranium/index77db.html]
[localhost/doancuoiki/indexe1a1.html]
[localhost/doancuoiki/san-pham/it-tree/index6f32.html]
[localhost/doancuoiki/san-pham/it-tree/indexfaa8.html]
[localhost/doancuoiki/san-pham/it-tree/indexf314.html]
[localhost/doancuoiki/san-pham/it-tree/indexa528.html]
[localhost/doancuoiki/indexfbc5.html]
[localhost/doancuoiki/san-pham/love-tree/index7188.html]
[localhost/doancuoiki/san-pham/love-tree/index474e.html]
[localhost/doancuoiki/san-pham/love-tree/indexeaa3.html]
[localhost/doancuoiki/san-pham/love-tree/indexd9a5.html]
[localhost/doancuoiki/index73fa.html]
[localhost/doancuoiki/san-pham/love-tree-2/indexf6b1.html]
[localhost/doancuoiki/san-pham/love-tree-2/index6fc7.html]
[localhost/doancuoiki/san-pham/love-tree-2/index6f32.html]
[localhost/doancuoiki/san-pham/love-tree-2/indexf314.html]
[localhost/doancuoiki/san-pham/love-tree-2/indexcb0b.html]
[localhost/doancuoiki/cua-hang/page/2/index474e.html]
[localhost/doancuoiki/cua-hang/page/2/indexf6b1.html]
[localhost/doancuoiki/san-pham/palm-tree/feed/index.html]
[localhost/doancuoiki/wp-json/wp/v2/product/269.json]
[localhost/doancuoiki/wp-json/oembed/1.0/embed556e.json]
[localhost/doancuoiki/wp-json/oembed/1.0/embed5245]
[localhost/doancuoiki/wp-content/uploads/2023/06/doancuoiki-2023-06-12T151623.950.jpg]
[localhost/doancuoiki/wp-content/uploads/2023/06/doancuoiki-2023-06-12T151623.949.jpg]
[localhost/doancuoiki/san-pham/palm-tree/index.html]
[localhost/doancuoiki/cua-hang/page/2/index6f15.html]
[localhost/doancuoiki/cua-hang/page/2/index6f32.html]
[localhost/doancuoiki/wp-json/wp/v2/product/180.json]
[localhost/doancuoiki/san-pham/pink-dragon-tree/feed/index.html]
[localhost/doancuoiki/wp-json/oembed/1.0/embed6536.json]
[localhost/doancuoiki/wp-json/oembed/1.0/embed47bb]
[localhost/doancuoiki/wp-content/uploads/2023/06/doancuoiki-56.jpg]
[localhost/doancuoiki/wp-content/uploads/2023/06/doancuoiki-91-Copy.jpg]
[localhost/doancuoiki/wp-content/uploads/2023/06/doancuoiki-91-Copy-600x713.jpg]
[localhost/doancuoiki/wp-content/uploads/2023/06/doancuoiki-92-Copy.jpg]
[localhost/doancuoiki/wp-content/uploads/2023/06/doancuoiki-92-Copy-600x713.jpg]
[localhost/doancuoiki/wp-content/uploads/2023/06/doancuoiki-26-1.jpg]
[localhost/doancuoiki/san-pham/pink-dragon-tree/index.html]
[localhost/doancuoiki/cua-hang/page/2/index90a6.html]
[localhost/doancuoiki/cua-hang/page/2/index4bb2.html]
[localhost/doancuoiki/cua-hang/page/2/index6fc7.html]
[localhost/doancuoiki/cua-hang/page/2/indexf314.html]
[localhost/doancuoiki/san-pham/spider-plant/feed/index.html]
[localhost/doancuoiki/wp-json/wp/v2/product/204.json]
[localhost/doancuoiki/wp-json/oembed/1.0/embed1321.json]
[localhost/doancuoiki/wp-json/oembed/1.0/embed0efb]
[localhost/doancuoiki/wp-content/uploads/2023/06/doancuoiki-85.jpg]
[localhost/doancuoiki/wp-content/uploads/2023/06/doancuoiki-32-1.jpg]
[localhost/doancuoiki/wp-content/uploads/2023/06/doancuoiki-33-1.jpg]
[localhost/doancuoiki/wp-content/uploads/2023/06/doancuoiki-22-1.jpg]
[localhost/doancuoiki/san-pham/spider-plant/index.html]
[localhost/doancuoiki/cua-hang/page/2/index56cd.html]
[localhost/doancuoiki/cua-hang/page/2/index5b8d.html]
[localhost/doancuoiki/cua-hang/page/2/index8ff5.html]
[localhost/doancuoiki/cua-hang/page/2/indexcf4f.html]
[localhost/doancuoiki/cua-hang/page/2/indexd06d.html]
[localhost/doancuoiki/cua-hang/page/1/index.html]
[localhost/doancuoiki/wp-admin/js/user-profile.min1ba4.js]
[localhost/doancuoiki/wp-login9438.html]
[localhost/doancuoiki/wp-content/plugins/woocommerce/assets/css/photoswipe/default-skin/default-skin.svg]
[localhost/doancuoiki/danh-muc-san-pham/low-maintenance/index77db.html]
[localhost/doancuoiki/danh-muc-san-pham/low-maintenance/indexa528.html]
[localhost/doancuoiki/danh-muc-san-pham/low-maintenance/indexcb0b.html]
[localhost/doancuoiki/danh-muc-san-pham/low-maintenance/index700a.html]
[localhost/doancuoiki/danh-muc-san-pham/plant-bundle/index77db.html]
[localhost/doancuoiki/danh-muc-san-pham/plant-bundle/indexa528.html]
[localhost/doancuoiki/danh-muc-san-pham/plant-bundle/index7188.html]
[localhost/doancuoiki/danh-muc-san-pham/plant-bundle/index1270.html]
[localhost/doancuoiki/danh-muc-san-pham/plant-bundle/index2b08.html]
[localhost/doancuoiki/danh-muc-san-pham/plant-bundle/indexa38d.html]
[localhost/doancuoiki/danh-muc-san-pham/plant-bundle/index6f15.html]
[localhost/doancuoiki/tu-khoa-san-pham/hot/index77db.html]
[localhost/doancuoiki/tu-khoa-san-pham/hot/indexeaa3.html]
[localhost/doancuoiki/tu-khoa-san-pham/hot/indexa528.html]
[localhost/doancuoiki/tu-khoa-san-pham/hot/indexd9a5.html]
[localhost/doancuoiki/tu-khoa-san-pham/hot/index7188.html]
[localhost/doancuoiki/tu-khoa-san-pham/hot/indexcb0b.html]
[localhost/doancuoiki/tu-khoa-san-pham/hot/index700a.html]
[localhost/doancuoiki/tu-khoa-san-pham/hot/index1270.html]
[localhost/doancuoiki/tu-khoa-san-pham/hot/indexc887.html]
[localhost/doancuoiki/tu-khoa-san-pham/hot/indexfaa8.html]
[localhost/doancuoiki/tu-khoa-san-pham/hot/index23a0.html]
[localhost/doancuoiki/tu-khoa-san-pham/hot/index2b08.html]
[localhost/doancuoiki/tu-khoa-san-pham/hot/indexa38d.html]
[localhost/doancuoiki/tu-khoa-san-pham/hot/page/2/index.html]
[localhost/doancuoiki/tu-khoa-san-pham/hot/page/3/index.html]
[localhost/doancuoiki/tu-khoa-san-pham/men/index77db.html]
[localhost/doancuoiki/tu-khoa-san-pham/men/indexa528.html]
[localhost/doancuoiki/tu-khoa-san-pham/men/index7188.html]
[localhost/doancuoiki/tu-khoa-san-pham/men/index1270.html]
[localhost/doancuoiki/tu-khoa-san-pham/men/index2b08.html]
[localhost/doancuoiki/tu-khoa-san-pham/men/indexa38d.html]
[localhost/doancuoiki/tu-khoa-san-pham/men/index6f15.html]
[localhost/doancuoiki/index0133.html]
[localhost/doancuoiki/san-pham/the-lion-tree/indexcb0b.html]
[localhost/doancuoiki/san-pham/the-lion-tree/index6f32.html]
[localhost/doancuoiki/san-pham/the-lion-tree/index56cd.html]
[localhost/doancuoiki/san-pham/the-lion-tree/index2b08.html]
[localhost/doancuoiki/san-pham/annya-kamidi/index23a0.html]
[localhost/doancuoiki/san-pham/annya-kamidi/indexa528.html]
[localhost/doancuoiki/san-pham/annya-kamidi/index6fc7.html]
[localhost/doancuoiki/san-pham/annya-kamidi/indexd06d.html]
[localhost/doancuoiki/san-pham/annya-kamidi/indexc887.html]
[localhost/doancuoiki/san-pham/annya-kamidi/indexeaa3.html]
[localhost/doancuoiki/san-pham/annya-kamidi/indexf314.html]
[localhost/doancuoiki/san-pham/annya-kamidi/index6f15.html]
[localhost/doancuoiki/san-pham/annya-kamidi/index2b08.html]
[localhost/doancuoiki/san-pham/annya-kamidi/index90a6.html]
[localhost/doancuoiki/index4580.html]
[localhost/doancuoiki/san-pham/the-beginner-set/index6fc7.html]
[localhost/doancuoiki/san-pham/the-beginner-set/indexf6b1.html]
[localhost/doancuoiki/san-pham/the-beginner-set/index6f32.html]
[localhost/doancuoiki/san-pham/the-beginner-set/index90a6.html]
[localhost/doancuoiki/danh-muc-san-pham/air-purifying/indexeaa3.html]
[localhost/doancuoiki/danh-muc-san-pham/air-purifying/indexd9a5.html]
[localhost/doancuoiki/danh-muc-san-pham/air-purifying/index700a.html]
[localhost/doancuoiki/danh-muc-san-pham/air-purifying/indexcb0b.html]
[localhost/doancuoiki/danh-muc-san-pham/air-purifying/indexc887.html]
[localhost/doancuoiki/danh-muc-san-pham/air-purifying/indexfaa8.html]
[localhost/doancuoiki/danh-muc-san-pham/air-purifying/index23a0.html]
[localhost/doancuoiki/danh-muc-san-pham/air-purifying/index474e.html]
[localhost/doancuoiki/danh-muc-san-pham/air-purifying/indexf6b1.html]
[localhost/doancuoiki/danh-muc-san-pham/air-purifying/index6f32.html]
[localhost/doancuoiki/danh-muc-san-pham/air-purifying/index90a6.html]
[localhost/doancuoiki/danh-muc-san-pham/air-purifying/index4bb2.html]
[localhost/doancuoiki/danh-muc-san-pham/air-purifying/index6fc7.html]
[localhost/doancuoiki/danh-muc-san-pham/air-purifying/indexf314.html]
[localhost/doancuoiki/danh-muc-san-pham/air-purifying/index56cd.html]
[localhost/doancuoiki/danh-muc-san-pham/air-purifying/page/2/index.html]
[localhost/doancuoiki/danh-muc-san-pham/ceramic-pots/indexeaa3.html]
[localhost/doancuoiki/danh-muc-san-pham/ceramic-pots/index7188.html]
[localhost/doancuoiki/danh-muc-san-pham/ceramic-pots/index1270.html]
[localhost/doancuoiki/danh-muc-san-pham/ceramic-pots/index6f32.html]
[localhost/doancuoiki/danh-muc-san-pham/ceramic-pots/index6fc7.html]
[localhost/doancuoiki/danh-muc-san-pham/ceramic-pots/index8ff5.html]
[localhost/doancuoiki/danh-muc-san-pham/ceramic-pots/indexcf4f.html]
[localhost/doancuoiki/tu-khoa-san-pham/trend/indexeaa3.html]
[localhost/doancuoiki/tu-khoa-san-pham/trend/indexd9a5.html]
[localhost/doancuoiki/tu-khoa-san-pham/trend/indexcb0b.html]
[localhost/doancuoiki/tu-khoa-san-pham/trend/index700a.html]
[localhost/doancuoiki/tu-khoa-san-pham/trend/indexfaa8.html]
[localhost/doancuoiki/tu-khoa-san-pham/trend/index23a0.html]
[localhost/doancuoiki/tu-khoa-san-pham/trend/index474e.html]
[localhost/doancuoiki/tu-khoa-san-pham/trend/indexf6b1.html]
[localhost/doancuoiki/tu-khoa-san-pham/trend/index6f32.html]
[localhost/doancuoiki/tu-khoa-san-pham/trend/index90a6.html]
[localhost/doancuoiki/tu-khoa-san-pham/trend/index4bb2.html]
[localhost/doancuoiki/tu-khoa-san-pham/trend/index6fc7.html]
[localhost/doancuoiki/tu-khoa-san-pham/trend/page/2/index.html]
[localhost/doancuoiki/indexfa80.html]
[localhost/doancuoiki/san-pham/tiger-aloe/index1270.html]
[localhost/doancuoiki/san-pham/tiger-aloe/indexf314.html]
[localhost/doancuoiki/san-pham/tiger-aloe/indexc887.html]
[localhost/doancuoiki/san-pham/bun-of-flowers/index5b8d.html]
[localhost/doancuoiki/san-pham/bun-of-flowers/indexcf4f.html]
[localhost/doancuoiki/san-pham/bun-of-flowers/indexc887.html]
[localhost/doancuoiki/san-pham/bun-of-flowers/indexf6b1.html]
[localhost/doancuoiki/san-pham/bun-of-flowers/indexa528.html]
[localhost/doancuoiki/indexeb91.html]
[localhost/doancuoiki/wp-json/wp/v2/product_tag/26.json]
[localhost/doancuoiki/tu-khoa-san-pham/women/index.html]
[localhost/doancuoiki/tu-khoa-san-pham/women/feed/index.html]
[localhost/doancuoiki/san-pham/pine-tree/index6fc7.html]
[localhost/doancuoiki/san-pham/pine-tree/index90a6.html]
[localhost/doancuoiki/san-pham/pine-tree/index56cd.html]
[localhost/doancuoiki/san-pham/pine-tree/index4bb2.html]
[localhost/doancuoiki/san-pham/bun-of-flowers/indexd06d.html]
[localhost/doancuoiki/indexd1c3.html]
[localhost/doancuoiki/san-pham/philippine-evergreen/index90a6.html]
[localhost/doancuoiki/san-pham/philippine-evergreen/indexf6b1.html]
[localhost/doancuoiki/san-pham/philippine-evergreen/index4bb2.html]
[localhost/doancuoiki/san-pham/philippine-evergreen/index6fc7.html]
[localhost/doancuoiki/san-pham/bun-of-flowers/index90a6.html]
[localhost/doancuoiki/san-pham/bun-of-flowers/index6fc7.html]
[localhost/doancuoiki/index8cf0.html]
[localhost/doancuoiki/san-pham/snowdrop/indexd06d.html]
[localhost/doancuoiki/san-pham/snowdrop/index474e.html]
[localhost/doancuoiki/san-pham/snowdrop/index90a6.html]
[localhost/doancuoiki/san-pham/snowdrop/index4bb2.html]
[localhost/doancuoiki/san-pham/buttercup/indexeaa3.html]
[localhost/doancuoiki/san-pham/buttercup/index2b08.html]
[localhost/doancuoiki/san-pham/buttercup/index4bb2.html]
[localhost/doancuoiki/index9a88.html]
[localhost/doancuoiki/san-pham/umbrella-tree/index6fc7.html]
[localhost/doancuoiki/san-pham/umbrella-tree/index56cd.html]
[localhost/doancuoiki/san-pham/umbrella-tree/indexc887.html]
[localhost/doancuoiki/san-pham/umbrella-tree/index90a6.html]
[localhost/doancuoiki/san-pham/buttercup/indexfaa8.html]
[localhost/doancuoiki/san-pham/buttercup/index6f15.html]
[localhost/doancuoiki/san-pham/buttercup/index56cd.html]
[localhost/doancuoiki/san-pham/buttercup/index1270.html]
[localhost/doancuoiki/indexa8b8.html]
[localhost/doancuoiki/san-pham/mon-tree/index90a6.html]
[localhost/doancuoiki/san-pham/mon-tree/index6fc7.html]
[localhost/doancuoiki/san-pham/mon-tree/indexcf4f.html]
[localhost/doancuoiki/san-pham/mon-tree/index5b8d.html]
[localhost/doancuoiki/san-pham/buttercup/index8ff5.html]
[localhost/doancuoiki/san-pham/buttercup/indexcf4f.html]
[localhost/doancuoiki/danh-muc-san-pham/indoor-plants/indexd9a5.html]
[localhost/doancuoiki/danh-muc-san-pham/indoor-plants/indexcb0b.html]
[localhost/doancuoiki/danh-muc-san-pham/indoor-plants/index700a.html]
[localhost/doancuoiki/danh-muc-san-pham/indoor-plants/index23a0.html]
[localhost/doancuoiki/danh-muc-san-pham/indoor-plants/indexf314.html]
[localhost/doancuoiki/danh-muc-san-pham/indoor-plants/index5b8d.html]
[localhost/doancuoiki/indexd728.html]
[localhost/doancuoiki/san-pham/pine-cone/index8ff5.html]
[localhost/doancuoiki/san-pham/pine-cone/index2b08.html]
[localhost/doancuoiki/san-pham/pine-cone/indexc887.html]
[localhost/doancuoiki/index2dc8.html]
[localhost/doancuoiki/san-pham/kangaroo-paw-fern/indexc887.html]
[localhost/doancuoiki/san-pham/kangaroo-paw-fern/index4bb2.html]
[localhost/doancuoiki/san-pham/kangaroo-paw-fern/indexf6b1.html]
[localhost/doancuoiki/san-pham/kangaroo-paw-fern/index90a6.html]
[localhost/doancuoiki/san-pham/carnation-sao-chep/index6f32.html]
[localhost/doancuoiki/san-pham/carnation-sao-chep/index5b8d.html]
[localhost/doancuoiki/san-pham/carnation-sao-chep/indexfaa8.html]
[localhost/doancuoiki/san-pham/carnation-sao-chep/indexf6b1.html]
[localhost/doancuoiki/san-pham/carnation-sao-chep/index77db.html]
[localhost/doancuoiki/san-pham/carnation-sao-chep/index7188.html]
[localhost/doancuoiki/san-pham/carnation-sao-chep/index56cd.html]
[localhost/doancuoiki/san-pham/carnation-sao-chep/index90a6.html]
[localhost/doancuoiki/san-pham/carnation-sao-chep/indexcf4f.html]
[localhost/doancuoiki/san-pham/carnation-sao-chep/index2b08.html]
[localhost/doancuoiki/san-pham/carnation-sao-chep/index4bb2.html]
[localhost/doancuoiki/san-pham/chrysanthemum/index56cd.html]
[localhost/doancuoiki/san-pham/chrysanthemum/indexc887.html]
[localhost/doancuoiki/san-pham/chrysanthemum/index6f32.html]
[localhost/doancuoiki/san-pham/chrysanthemum/indexcb0b.html]
[localhost/doancuoiki/san-pham/chrysanthemum/indexf6b1.html]
[localhost/doancuoiki/san-pham/chrysanthemum/indexcf4f.html]
[localhost/doancuoiki/san-pham/chrysanthemum/index2b08.html]
[localhost/doancuoiki/san-pham/chrysanthemum/index4bb2.html]
[localhost/doancuoiki/san-pham/chrysanthemum/index90a6.html]
[localhost/doancuoiki/san-pham/chrysanthemum/indexf314.html]
[localhost/doancuoiki/tu-khoa-san-pham/life-style/index7188.html]
[localhost/doancuoiki/tu-khoa-san-pham/life-style/index1270.html]
[localhost/doancuoiki/tu-khoa-san-pham/life-style/index56cd.html]
[localhost/doancuoiki/san-pham/cry-tree/index90a6.html]
[localhost/doancuoiki/san-pham/cry-tree/index56cd.html]
[localhost/doancuoiki/san-pham/cry-tree/index474e.html]
[localhost/doancuoiki/san-pham/cry-tree/index1270.html]
[localhost/doancuoiki/san-pham/cry-tree/indexc887.html]
[localhost/doancuoiki/san-pham/cry-tree/index8ff5.html]
[localhost/doancuoiki/san-pham/cry-tree/indexcb0b.html]
[localhost/doancuoiki/san-pham/cry-tree/indexcf4f.html]
[localhost/doancuoiki/san-pham/cry-tree/index5b8d.html]
[localhost/doancuoiki/san-pham/cry-tree/indexd9a5.html]
[localhost/doancuoiki/san-pham/cry-tree/index23a0.html]
[localhost/doancuoiki/san-pham/cry-tree/index6f15.html]
[localhost/doancuoiki/san-pham/cry-tree/index6f32.html]
[localhost/doancuoiki/san-pham/daffodil/index77db.html]
[localhost/doancuoiki/san-pham/daffodil/indexa528.html]
[localhost/doancuoiki/san-pham/daffodil/indexcb0b.html]
[localhost/doancuoiki/san-pham/daffodil/indexc887.html]
[localhost/doancuoiki/san-pham/daffodil/index1270.html]
[localhost/doancuoiki/san-pham/daffodil/index474e.html]
[localhost/doancuoiki/san-pham/daffodil/indexd9a5.html]
[localhost/doancuoiki/san-pham/daffodil/indexf6b1.html]
[localhost/doancuoiki/san-pham/daffodil/index6f32.html]
[localhost/doancuoiki/san-pham/evergreen/indexf314.html]
[localhost/doancuoiki/san-pham/evergreen/index474e.html]
[localhost/doancuoiki/san-pham/evergreen/indexeaa3.html]
[localhost/doancuoiki/san-pham/evergreen/index90a6.html]
[localhost/doancuoiki/san-pham/evergreen/index6fc7.html]
[localhost/doancuoiki/san-pham/evergreen/index6f32.html]
[localhost/doancuoiki/index5051.html]
[localhost/doancuoiki/tu-khoa-san-pham/blue/feed/index.html]
[localhost/doancuoiki/wp-json/wp/v2/product_tag/22.json]
[localhost/doancuoiki/tu-khoa-san-pham/blue/index.html]
[localhost/doancuoiki/san-pham/ruby-rubber-tree/index6fc7.html]
[localhost/doancuoiki/san-pham/ruby-rubber-tree/indexf6b1.html]
[localhost/doancuoiki/san-pham/ruby-rubber-tree/index90a6.html]
[localhost/doancuoiki/san-pham/ruby-rubber-tree/indexc887.html]
[localhost/doancuoiki/san-pham/evergreen/index6f15.html]
[localhost/doancuoiki/san-pham/evergreen/index5b8d.html]
[localhost/doancuoiki/san-pham/evergreen-2/index474e.html]
[localhost/doancuoiki/san-pham/evergreen-2/index2b08.html]
[localhost/doancuoiki/san-pham/evergreen-2/index5b8d.html]
[localhost/doancuoiki/san-pham/evergreen-2/indexcb0b.html]
[localhost/doancuoiki/san-pham/evergreen-2/index56cd.html]
[localhost/doancuoiki/san-pham/evergreen-2/index1270.html]
[localhost/doancuoiki/san-pham/evergreen-2/index8ff5.html]
[localhost/doancuoiki/index3f3a.html]
[localhost/doancuoiki/san-pham/palm/index5b8d.html]
[localhost/doancuoiki/san-pham/palm/index23a0.html]
[localhost/doancuoiki/san-pham/palm/indexd06d.html]
[localhost/doancuoiki/san-pham/palm/index474e.html]
[localhost/doancuoiki/san-pham/evergreen-2/index6f15.html]
[localhost/doancuoiki/san-pham/evergreen-2/index4bb2.html]
[localhost/doancuoiki/san-pham/evergreen-2/index7188.html]
[localhost/doancuoiki/san-pham/evergreen-2/indexd9a5.html]
[localhost/doancuoiki/san-pham/evergreen-2/indexc887.html]
[localhost/doancuoiki/san-pham/foxglove/indexf6b1.html]
[localhost/doancuoiki/san-pham/foxglove/indexc887.html]
[localhost/doancuoiki/san-pham/foxglove/indexd9a5.html]
[localhost/doancuoiki/san-pham/foxglove/indexfaa8.html]
[localhost/doancuoiki/san-pham/foxglove/index56cd.html]
[localhost/doancuoiki/san-pham/foxglove/index474e.html]
[localhost/doancuoiki/san-pham/foxglove/index2b08.html]
[localhost/doancuoiki/san-pham/foxglove/index6f15.html]
[localhost/doancuoiki/san-pham/foxglove/index5b8d.html]
[localhost/doancuoiki/index03e1.html]
[localhost/doancuoiki/san-pham/tree-tea/index23a0.html]
[localhost/doancuoiki/san-pham/tree-tea/index6fc7.html]
[localhost/doancuoiki/san-pham/tree-tea/index474e.html]
[localhost/doancuoiki/san-pham/tree-tea/indexa528.html]
[localhost/doancuoiki/san-pham/foxglove/index8ff5.html]
[localhost/doancuoiki/tu-khoa-san-pham/fashion/indexc887.html]
[localhost/doancuoiki/tu-khoa-san-pham/fashion/index6f32.html]
[localhost/doancuoiki/san-pham/freddie-calathea/index6fc7.html]
[localhost/doancuoiki/san-pham/freddie-calathea/indexf314.html]
[localhost/doancuoiki/san-pham/freddie-calathea/indexd9a5.html]
[localhost/doancuoiki/san-pham/freddie-calathea/index8ff5.html]
[localhost/doancuoiki/san-pham/freddie-calathea/index90a6.html]
[localhost/doancuoiki/san-pham/freddie-calathea/indexd06d.html]
[localhost/doancuoiki/san-pham/freddie-calathea/index474e.html]
[localhost/doancuoiki/index7dad.html]
[localhost/doancuoiki/san-pham/carnation/indexf6b1.html]
[localhost/doancuoiki/san-pham/carnation/index2b08.html]
[localhost/doancuoiki/san-pham/carnation/index5b8d.html]
[localhost/doancuoiki/san-pham/carnation/index8ff5.html]
[localhost/doancuoiki/san-pham/fruit-tree/index90a6.html]
[localhost/doancuoiki/san-pham/fruit-tree/index6fc7.html]
[localhost/doancuoiki/san-pham/fruit-tree/index1270.html]
[localhost/doancuoiki/san-pham/fruit-tree/indexd06d.html]
[localhost/doancuoiki/san-pham/fruit-tree/index6f32.html]
[localhost/doancuoiki/san-pham/fruit-tree/index23a0.html]
[localhost/doancuoiki/san-pham/fruit-tree/indexc887.html]
[localhost/doancuoiki/san-pham/geranium/indexeaa3.html]
[localhost/doancuoiki/san-pham/geranium/indexa528.html]
[localhost/doancuoiki/san-pham/geranium/index7188.html]
[localhost/doancuoiki/san-pham/geranium/index6fc7.html]
[localhost/doancuoiki/san-pham/geranium/index56cd.html]
[localhost/doancuoiki/san-pham/geranium/indexcb0b.html]
[localhost/doancuoiki/san-pham/geranium/indexd06d.html]
[localhost/doancuoiki/san-pham/geranium/index2b08.html]
[localhost/doancuoiki/san-pham/geranium/indexf314.html]
[localhost/doancuoiki/san-pham/geranium/index23a0.html]
[localhost/doancuoiki/san-pham/geranium/indexc887.html]
[localhost/doancuoiki/san-pham/it-tree/index8ff5.html]
[localhost/doancuoiki/san-pham/it-tree/index6fc7.html]
[localhost/doancuoiki/san-pham/it-tree/indexeaa3.html]
[localhost/doancuoiki/san-pham/it-tree/index5b8d.html]
[localhost/doancuoiki/san-pham/it-tree/index4bb2.html]
[localhost/doancuoiki/san-pham/it-tree/indexcf4f.html]
[localhost/doancuoiki/san-pham/it-tree/index474e.html]
[localhost/doancuoiki/san-pham/it-tree/index56cd.html]
[localhost/doancuoiki/san-pham/it-tree/indexd9a5.html]
[localhost/doancuoiki/san-pham/it-tree/index77db.html]
[localhost/doancuoiki/san-pham/love-tree/index6f32.html]
[localhost/doancuoiki/san-pham/love-tree/indexfaa8.html]
[localhost/doancuoiki/san-pham/love-tree/index23a0.html]
[localhost/doancuoiki/san-pham/love-tree/indexa528.html]
[localhost/doancuoiki/san-pham/love-tree/index8ff5.html]
[localhost/doancuoiki/san-pham/love-tree/index4bb2.html]
[localhost/doancuoiki/san-pham/love-tree/indexc887.html]
[localhost/doancuoiki/san-pham/love-tree/indexcf4f.html]
[localhost/doancuoiki/san-pham/love-tree-2/index7188.html]
[localhost/doancuoiki/san-pham/love-tree-2/index6f15.html]
[localhost/doancuoiki/san-pham/love-tree-2/index474e.html]
[localhost/doancuoiki/san-pham/love-tree-2/index77db.html]
[localhost/doancuoiki/san-pham/love-tree-2/indexfaa8.html]
[localhost/doancuoiki/san-pham/love-tree-2/index5b8d.html]
[localhost/doancuoiki/san-pham/love-tree-2/indexd06d.html]
[localhost/doancuoiki/san-pham/love-tree-2/indexd9a5.html]
[localhost/doancuoiki/san-pham/love-tree-2/indexcf4f.html]
[localhost/doancuoiki/san-pham/love-tree-2/index56cd.html]
[localhost/doancuoiki/san-pham/love-tree-2/index90a6.html]
[localhost/doancuoiki/san-pham/love-tree-2/index8ff5.html]
[localhost/doancuoiki/san-pham/love-tree-2/indexa528.html]
[localhost/doancuoiki/index67bc.html]
[localhost/doancuoiki/san-pham/palm-tree/indexcb0b.html]
[localhost/doancuoiki/san-pham/palm-tree/index1270.html]
[localhost/doancuoiki/san-pham/palm-tree/index56cd.html]
[localhost/doancuoiki/san-pham/palm-tree/index4bb2.html]
[localhost/doancuoiki/index2586.html]
[localhost/doancuoiki/san-pham/pink-dragon-tree/index6f32.html]
[localhost/doancuoiki/san-pham/pink-dragon-tree/indexf314.html]
[localhost/doancuoiki/san-pham/pink-dragon-tree/indexcf4f.html]
[localhost/doancuoiki/san-pham/pink-dragon-tree/index77db.html]
[localhost/doancuoiki/indexcb89.html]
[localhost/doancuoiki/san-pham/spider-plant/indexc887.html]
[localhost/doancuoiki/san-pham/spider-plant/index90a6.html]
[localhost/doancuoiki/san-pham/spider-plant/indexf6b1.html]
[localhost/doancuoiki/san-pham/spider-plant/index6fc7.html]
[localhost/doancuoiki/wp-includes/fonts/dashicons7d4b.eot]
[localhost/doancuoiki/wp-includes/fonts/dashicons7d4b.ttf]
[localhost/doancuoiki/wp-includes/css/dashicons.min1ba4.css]
[localhost/doancuoiki/wp-includes/css/buttons.min1ba4.css]
[localhost/doancuoiki/wp-admin/images/loading.gif]
[localhost/doancuoiki/wp-admin/css/forms.min1ba4.css]
[localhost/doancuoiki/wp-admin/css/l10n.min1ba4.css]
[localhost/doancuoiki/wp-admin/images/w-logo-blue7a53.png]
[localhost/doancuoiki/wp-admin/css/login.min1ba4.css]
[localhost/doancuoiki/tu-khoa-san-pham/hot/page/2/index474e.html]
[localhost/doancuoiki/tu-khoa-san-pham/hot/page/2/indexf6b1.html]
[localhost/doancuoiki/tu-khoa-san-pham/hot/page/2/index6f15.html]
[localhost/doancuoiki/tu-khoa-san-pham/hot/page/2/index6f32.html]
[localhost/doancuoiki/tu-khoa-san-pham/hot/page/2/index90a6.html]
[localhost/doancuoiki/tu-khoa-san-pham/hot/page/2/index4bb2.html]
[localhost/doancuoiki/tu-khoa-san-pham/hot/page/2/index6fc7.html]
[localhost/doancuoiki/tu-khoa-san-pham/hot/page/2/indexf314.html]
[localhost/doancuoiki/tu-khoa-san-pham/hot/page/2/index56cd.html]
[localhost/doancuoiki/tu-khoa-san-pham/hot/page/2/index5b8d.html]
[localhost/doancuoiki/tu-khoa-san-pham/hot/page/2/index8ff5.html]
[localhost/doancuoiki/tu-khoa-san-pham/hot/page/2/indexcf4f.html]
[localhost/doancuoiki/tu-khoa-san-pham/hot/page/2/indexd06d.html]
[localhost/doancuoiki/tu-khoa-san-pham/hot/page/1/index.html]
[localhost/doancuoiki/san-pham/the-lion-tree/indexcf4f.html]
[localhost/doancuoiki/san-pham/the-lion-tree/index1270.html]
[localhost/doancuoiki/san-pham/the-lion-tree/indexa528.html]
[localhost/doancuoiki/san-pham/the-lion-tree/index23a0.html]
[localhost/doancuoiki/san-pham/the-lion-tree/indexd9a5.html]
[localhost/doancuoiki/san-pham/the-lion-tree/index6fc7.html]
[localhost/doancuoiki/san-pham/the-lion-tree/index6f15.html]
[localhost/doancuoiki/san-pham/the-lion-tree/indexfaa8.html]
[localhost/doancuoiki/san-pham/the-lion-tree/index7188.html]
[localhost/doancuoiki/san-pham/the-lion-tree/indexd06d.html]
[localhost/doancuoiki/san-pham/annya-kamidi/indexfaa8.html]
[localhost/doancuoiki/san-pham/annya-kamidi/indexcf4f.html]
[localhost/doancuoiki/san-pham/annya-kamidi/index6f32.html]
[localhost/doancuoiki/san-pham/annya-kamidi/index474e.html]
[localhost/doancuoiki/san-pham/annya-kamidi/index4bb2.html]
[localhost/doancuoiki/san-pham/annya-kamidi/indexd9a5.html]
[localhost/doancuoiki/san-pham/annya-kamidi/index8ff5.html]
[localhost/doancuoiki/san-pham/annya-kamidi/index1270.html]
[localhost/doancuoiki/san-pham/annya-kamidi/index56cd.html]
[localhost/doancuoiki/san-pham/the-beginner-set/index56cd.html]
[localhost/doancuoiki/san-pham/the-beginner-set/indexd06d.html]
[localhost/doancuoiki/san-pham/the-beginner-set/index8ff5.html]
[localhost/doancuoiki/san-pham/the-beginner-set/indexc887.html]
[localhost/doancuoiki/san-pham/the-beginner-set/index6f15.html]
[localhost/doancuoiki/san-pham/the-beginner-set/index4bb2.html]
[localhost/doancuoiki/danh-muc-san-pham/air-purifying/page/2/index8ff5.html]
[localhost/doancuoiki/danh-muc-san-pham/air-purifying/page/2/indexcf4f.html]
[localhost/doancuoiki/danh-muc-san-pham/air-purifying/page/2/indexd06d.html]
[localhost/doancuoiki/danh-muc-san-pham/air-purifying/page/1/index.html]
[localhost/doancuoiki/tu-khoa-san-pham/trend/page/2/indexf314.html]
[localhost/doancuoiki/tu-khoa-san-pham/trend/page/2/index56cd.html]
[localhost/doancuoiki/tu-khoa-san-pham/trend/page/2/index5b8d.html]
[localhost/doancuoiki/tu-khoa-san-pham/trend/page/2/index8ff5.html]
[localhost/doancuoiki/tu-khoa-san-pham/trend/page/2/indexcf4f.html]
[localhost/doancuoiki/tu-khoa-san-pham/trend/page/2/indexd06d.html]
[localhost/doancuoiki/tu-khoa-san-pham/trend/page/1/index.html]
[localhost/doancuoiki/san-pham/tiger-aloe/indexd06d.html]
[localhost/doancuoiki/san-pham/tiger-aloe/index7188.html]
[localhost/doancuoiki/san-pham/tiger-aloe/index6fc7.html]
[localhost/doancuoiki/san-pham/tiger-aloe/index474e.html]
[localhost/doancuoiki/san-pham/tiger-aloe/indexcf4f.html]
[localhost/doancuoiki/san-pham/tiger-aloe/indexf6b1.html]
[localhost/doancuoiki/san-pham/tiger-aloe/index6f15.html]
[localhost/doancuoiki/san-pham/tiger-aloe/indexd9a5.html]
[localhost/doancuoiki/san-pham/bun-of-flowers/index56cd.html]
[localhost/doancuoiki/san-pham/bun-of-flowers/index7188.html]
[localhost/doancuoiki/san-pham/bun-of-flowers/index1270.html]
[localhost/doancuoiki/san-pham/bun-of-flowers/index2b08.html]
[localhost/doancuoiki/tu-khoa-san-pham/women/index6f32.html]
[localhost/doancuoiki/san-pham/pine-tree/index6f15.html]
[localhost/doancuoiki/san-pham/pine-tree/indexf6b1.html]
[localhost/doancuoiki/san-pham/pine-tree/indexc887.html]
[localhost/doancuoiki/san-pham/bun-of-flowers/index474e.html]
[localhost/doancuoiki/san-pham/bun-of-flowers/indexf314.html]
[localhost/doancuoiki/san-pham/philippine-evergreen/index56cd.html]
[localhost/doancuoiki/san-pham/bun-of-flowers/indexcb0b.html]
[localhost/doancuoiki/san-pham/snowdrop/indexc887.html]
[localhost/doancuoiki/san-pham/snowdrop/indexa528.html]
[localhost/doancuoiki/san-pham/snowdrop/indexfaa8.html]
[localhost/doancuoiki/san-pham/snowdrop/index6f15.html]
[localhost/doancuoiki/san-pham/snowdrop/indexeaa3.html]
[localhost/doancuoiki/san-pham/snowdrop/index7188.html]
[localhost/doancuoiki/san-pham/snowdrop/index8ff5.html]
[localhost/doancuoiki/san-pham/snowdrop/indexcb0b.html]
[localhost/doancuoiki/san-pham/snowdrop/index2b08.html]
[localhost/doancuoiki/san-pham/snowdrop/index6fc7.html]
[localhost/doancuoiki/san-pham/buttercup/indexf6b1.html]
[localhost/doancuoiki/san-pham/buttercup/index6fc7.html]
[localhost/doancuoiki/san-pham/buttercup/index7188.html]
[localhost/doancuoiki/san-pham/buttercup/indexc887.html]
[localhost/doancuoiki/san-pham/umbrella-tree/index6f15.html]
[localhost/doancuoiki/san-pham/umbrella-tree/index8ff5.html]
[localhost/doancuoiki/san-pham/umbrella-tree/index6f32.html]
[localhost/doancuoiki/san-pham/umbrella-tree/indexf6b1.html]
[localhost/doancuoiki/san-pham/umbrella-tree/index4bb2.html]
[localhost/doancuoiki/san-pham/buttercup/index6f32.html]
[localhost/doancuoiki/san-pham/buttercup/indexd9a5.html]
[localhost/doancuoiki/san-pham/buttercup/index23a0.html]
[localhost/doancuoiki/san-pham/buttercup/indexcb0b.html]
[localhost/doancuoiki/san-pham/buttercup/index90a6.html]
[localhost/doancuoiki/san-pham/mon-tree/index23a0.html]
[localhost/doancuoiki/san-pham/mon-tree/indexa528.html]
[localhost/doancuoiki/san-pham/mon-tree/index56cd.html]
[localhost/doancuoiki/san-pham/mon-tree/indexf6b1.html]
[localhost/doancuoiki/san-pham/mon-tree/indexcb0b.html]
[localhost/doancuoiki/san-pham/mon-tree/index7188.html]
[localhost/doancuoiki/san-pham/mon-tree/index8ff5.html]
[localhost/doancuoiki/san-pham/mon-tree/indexf314.html]
[localhost/doancuoiki/san-pham/buttercup/index77db.html]
[localhost/doancuoiki/san-pham/pine-cone/indexd06d.html]
[localhost/doancuoiki/san-pham/pine-cone/index6f15.html]
[localhost/doancuoiki/san-pham/pine-cone/index77db.html]
[localhost/doancuoiki/san-pham/pine-cone/indexa528.html]
[localhost/doancuoiki/san-pham/pine-cone/index6fc7.html]
[localhost/doancuoiki/san-pham/pine-cone/index474e.html]
[localhost/doancuoiki/san-pham/pine-cone/indexd9a5.html]
[localhost/doancuoiki/san-pham/pine-cone/index4bb2.html]
[localhost/doancuoiki/san-pham/pine-cone/index6f32.html]
[localhost/doancuoiki/san-pham/pine-cone/indexf314.html]
[localhost/doancuoiki/san-pham/pine-cone/indexf6b1.html]
[localhost/doancuoiki/san-pham/carnation-sao-chep/indexd06d.html]
[localhost/doancuoiki/san-pham/carnation-sao-chep/indexcb0b.html]
[localhost/doancuoiki/san-pham/carnation-sao-chep/indexc887.html]
[localhost/doancuoiki/san-pham/carnation-sao-chep/indexd9a5.html]
[localhost/doancuoiki/san-pham/carnation-sao-chep/index474e.html]
[localhost/doancuoiki/san-pham/carnation-sao-chep/index8ff5.html]
[localhost/doancuoiki/san-pham/carnation-sao-chep/index6f15.html]
[localhost/doancuoiki/san-pham/chrysanthemum/index77db.html]
[localhost/doancuoiki/san-pham/chrysanthemum/index1270.html]
[localhost/doancuoiki/san-pham/chrysanthemum/index23a0.html]
[localhost/doancuoiki/san-pham/chrysanthemum/index6fc7.html]
[localhost/doancuoiki/san-pham/chrysanthemum/index7188.html]
[localhost/doancuoiki/san-pham/chrysanthemum/indexd06d.html]
[localhost/doancuoiki/san-pham/chrysanthemum/indexa528.html]
[localhost/doancuoiki/san-pham/chrysanthemum/index5b8d.html]
[localhost/doancuoiki/san-pham/chrysanthemum/indexeaa3.html]
[localhost/doancuoiki/san-pham/cry-tree/indexf314.html]
[localhost/doancuoiki/san-pham/cry-tree/indexeaa3.html]
[localhost/doancuoiki/san-pham/cry-tree/index77db.html]
[localhost/doancuoiki/san-pham/cry-tree/indexf6b1.html]
[localhost/doancuoiki/san-pham/cry-tree/index6fc7.html]
[localhost/doancuoiki/san-pham/daffodil/index6fc7.html]
[localhost/doancuoiki/san-pham/daffodil/index8ff5.html]
[localhost/doancuoiki/san-pham/daffodil/indexcf4f.html]
[localhost/doancuoiki/san-pham/daffodil/index4bb2.html]
[localhost/doancuoiki/san-pham/daffodil/indexf314.html]
[localhost/doancuoiki/san-pham/daffodil/indexfaa8.html]
[localhost/doancuoiki/san-pham/daffodil/index56cd.html]
[localhost/doancuoiki/san-pham/evergreen/indexa528.html]
[localhost/doancuoiki/san-pham/evergreen/index56cd.html]
[localhost/doancuoiki/san-pham/evergreen/indexd9a5.html]
[localhost/doancuoiki/san-pham/evergreen/index77db.html]
[localhost/doancuoiki/san-pham/evergreen/index8ff5.html]
[localhost/doancuoiki/san-pham/evergreen/indexcf4f.html]
[localhost/doancuoiki/san-pham/evergreen/index1270.html]
[localhost/doancuoiki/san-pham/evergreen/index2b08.html]
[localhost/doancuoiki/san-pham/evergreen/indexd06d.html]
[localhost/doancuoiki/san-pham/evergreen/index7188.html]
[localhost/doancuoiki/san-pham/evergreen/indexf6b1.html]
[localhost/doancuoiki/tu-khoa-san-pham/blue/index4bb2.html]
[localhost/doancuoiki/san-pham/evergreen-2/indexfaa8.html]
[localhost/doancuoiki/san-pham/evergreen-2/index90a6.html]
[localhost/doancuoiki/san-pham/evergreen-2/indexcf4f.html]
[localhost/doancuoiki/san-pham/evergreen-2/indexf314.html]
[localhost/doancuoiki/san-pham/evergreen-2/index6f32.html]
[localhost/doancuoiki/san-pham/evergreen-2/index6fc7.html]
[localhost/doancuoiki/san-pham/palm/index6f32.html]
[localhost/doancuoiki/san-pham/palm/index8ff5.html]
[localhost/doancuoiki/san-pham/palm/indexcb0b.html]
[localhost/doancuoiki/san-pham/palm/indexf314.html]
[localhost/doancuoiki/san-pham/palm/index7188.html]
[localhost/doancuoiki/san-pham/palm/index6fc7.html]
[localhost/doancuoiki/san-pham/palm/indexd9a5.html]
[localhost/doancuoiki/san-pham/palm/index4bb2.html]
[localhost/doancuoiki/san-pham/palm/indexa528.html]
[localhost/doancuoiki/san-pham/evergreen-2/index77db.html]
[localhost/doancuoiki/san-pham/foxglove/indexf314.html]
[localhost/doancuoiki/san-pham/foxglove/indexcb0b.html]
[localhost/doancuoiki/san-pham/foxglove/index6f32.html]
[localhost/doancuoiki/san-pham/foxglove/indexeaa3.html]
[localhost/doancuoiki/san-pham/foxglove/index6fc7.html]
[localhost/doancuoiki/san-pham/foxglove/index90a6.html]
[localhost/doancuoiki/san-pham/foxglove/indexa528.html]
[localhost/doancuoiki/san-pham/tree-tea/index8ff5.html]
[localhost/doancuoiki/san-pham/tree-tea/index90a6.html]
[localhost/doancuoiki/san-pham/tree-tea/index5b8d.html]
[localhost/doancuoiki/san-pham/tree-tea/index7188.html]
[localhost/doancuoiki/san-pham/tree-tea/indexeaa3.html]
[localhost/doancuoiki/san-pham/tree-tea/index56cd.html]
[localhost/doancuoiki/san-pham/tree-tea/indexcb0b.html]
[localhost/doancuoiki/san-pham/tree-tea/indexfaa8.html]
[localhost/doancuoiki/san-pham/tree-tea/indexf6b1.html]
[localhost/doancuoiki/san-pham/tree-tea/indexd9a5.html]
[localhost/doancuoiki/san-pham/tree-tea/index6f15.html]
[localhost/doancuoiki/san-pham/freddie-calathea/index5b8d.html]
[localhost/doancuoiki/san-pham/freddie-calathea/index2b08.html]
[localhost/doancuoiki/san-pham/freddie-calathea/index23a0.html]
[localhost/doancuoiki/san-pham/freddie-calathea/index7188.html]
[localhost/doancuoiki/san-pham/freddie-calathea/indexfaa8.html]
[localhost/doancuoiki/san-pham/freddie-calathea/index56cd.html]
[localhost/doancuoiki/san-pham/freddie-calathea/index6f32.html]
[localhost/doancuoiki/san-pham/freddie-calathea/indexf6b1.html]
[localhost/doancuoiki/san-pham/freddie-calathea/indexcf4f.html]
[localhost/doancuoiki/san-pham/carnation/index23a0.html]
[localhost/doancuoiki/san-pham/carnation/indexfaa8.html]
[localhost/doancuoiki/san-pham/carnation/index1270.html]
[localhost/doancuoiki/san-pham/carnation/indexc887.html]
[localhost/doancuoiki/san-pham/carnation/index474e.html]
[localhost/doancuoiki/san-pham/carnation/indexcb0b.html]
[localhost/doancuoiki/san-pham/carnation/index77db.html]
[localhost/doancuoiki/san-pham/carnation/indexf314.html]
[localhost/doancuoiki/san-pham/carnation/indexa528.html]
[localhost/doancuoiki/san-pham/fruit-tree/indexf314.html]
[localhost/doancuoiki/san-pham/fruit-tree/index4bb2.html]
[localhost/doancuoiki/san-pham/fruit-tree/index2b08.html]
[localhost/doancuoiki/san-pham/fruit-tree/index474e.html]
[localhost/doancuoiki/san-pham/fruit-tree/indexf6b1.html]
[localhost/doancuoiki/san-pham/fruit-tree/index8ff5.html]
[localhost/doancuoiki/san-pham/geranium/indexcf4f.html]
[localhost/doancuoiki/san-pham/geranium/index474e.html]
[localhost/doancuoiki/san-pham/geranium/index6f32.html]
[localhost/doancuoiki/san-pham/geranium/index90a6.html]
[localhost/doancuoiki/san-pham/geranium/index5b8d.html]
[localhost/doancuoiki/san-pham/geranium/indexf6b1.html]
[localhost/doancuoiki/san-pham/geranium/indexd9a5.html]
[localhost/doancuoiki/san-pham/it-tree/index90a6.html]
[localhost/doancuoiki/san-pham/it-tree/indexd06d.html]
[localhost/doancuoiki/san-pham/it-tree/index1270.html]
[localhost/doancuoiki/san-pham/it-tree/indexcb0b.html]
[localhost/doancuoiki/san-pham/it-tree/index7188.html]
[localhost/doancuoiki/san-pham/it-tree/index2b08.html]
[localhost/doancuoiki/san-pham/it-tree/indexf6b1.html]
[localhost/doancuoiki/san-pham/it-tree/indexc887.html]
[localhost/doancuoiki/san-pham/love-tree/indexf6b1.html]
[localhost/doancuoiki/san-pham/love-tree/indexcb0b.html]
[localhost/doancuoiki/san-pham/love-tree/index1270.html]
[localhost/doancuoiki/san-pham/love-tree/index5b8d.html]
[localhost/doancuoiki/san-pham/love-tree/index6fc7.html]
[localhost/doancuoiki/san-pham/love-tree/index6f15.html]
[localhost/doancuoiki/san-pham/love-tree/index77db.html]
[localhost/doancuoiki/san-pham/love-tree-2/index2b08.html]
[localhost/doancuoiki/san-pham/love-tree-2/index23a0.html]
[localhost/doancuoiki/san-pham/love-tree-2/index4bb2.html]
[localhost/doancuoiki/san-pham/love-tree-2/indexeaa3.html]
[localhost/doancuoiki/san-pham/palm-tree/index23a0.html]
[localhost/doancuoiki/san-pham/palm-tree/index5b8d.html]
[localhost/doancuoiki/san-pham/palm-tree/indexf6b1.html]
[localhost/doancuoiki/san-pham/palm-tree/index2b08.html]
[localhost/doancuoiki/san-pham/palm-tree/indexd06d.html]
[localhost/doancuoiki/san-pham/palm-tree/index7188.html]
[localhost/doancuoiki/san-pham/palm-tree/indexcf4f.html]
[localhost/doancuoiki/san-pham/palm-tree/indexc887.html]
[localhost/doancuoiki/san-pham/palm-tree/index90a6.html]
[localhost/doancuoiki/san-pham/pink-dragon-tree/indexfaa8.html]
[localhost/doancuoiki/san-pham/pink-dragon-tree/indexeaa3.html]
[localhost/doancuoiki/san-pham/pink-dragon-tree/indexd06d.html]
[localhost/doancuoiki/san-pham/pink-dragon-tree/index8ff5.html]
[localhost/doancuoiki/san-pham/pink-dragon-tree/indexcb0b.html]
[localhost/doancuoiki/san-pham/pink-dragon-tree/index474e.html]
[localhost/doancuoiki/san-pham/pink-dragon-tree/index5b8d.html]
[localhost/doancuoiki/san-pham/pink-dragon-tree/indexa528.html]
[localhost/doancuoiki/san-pham/pink-dragon-tree/index6f15.html]
[localhost/doancuoiki/san-pham/pink-dragon-tree/index56cd.html]
[localhost/doancuoiki/san-pham/pink-dragon-tree/index6fc7.html]
[localhost/doancuoiki/san-pham/spider-plant/index4bb2.html]
[localhost/doancuoiki/wp-admin/images/wordpress-logo7d6b.svg]
[localhost/doancuoiki/san-pham/the-lion-tree/index77db.html]
[localhost/doancuoiki/san-pham/the-lion-tree/indexeaa3.html]
[localhost/doancuoiki/san-pham/the-lion-tree/index90a6.html]
[localhost/doancuoiki/san-pham/the-lion-tree/index8ff5.html]
[localhost/doancuoiki/san-pham/the-lion-tree/indexf314.html]
[localhost/doancuoiki/san-pham/the-lion-tree/index4bb2.html]
[localhost/doancuoiki/san-pham/tiger-aloe/index5b8d.html]
[localhost/doancuoiki/san-pham/tiger-aloe/indexcb0b.html]
[localhost/doancuoiki/san-pham/tiger-aloe/index90a6.html]
[localhost/doancuoiki/san-pham/tiger-aloe/indexa528.html]
[localhost/doancuoiki/san-pham/tiger-aloe/index77db.html]
[localhost/doancuoiki/san-pham/tiger-aloe/index23a0.html]
[localhost/doancuoiki/san-pham/tiger-aloe/index2b08.html]
[localhost/doancuoiki/san-pham/tiger-aloe/index56cd.html]
[localhost/doancuoiki/san-pham/tiger-aloe/index6f32.html]
[localhost/doancuoiki/san-pham/tiger-aloe/indexfaa8.html]
[localhost/doancuoiki/san-pham/bun-of-flowers/indexd9a5.html]
[localhost/doancuoiki/san-pham/bun-of-flowers/index4bb2.html]
[localhost/doancuoiki/san-pham/bun-of-flowers/index77db.html]
[localhost/doancuoiki/san-pham/snowdrop/indexd9a5.html]
[localhost/doancuoiki/san-pham/snowdrop/index1270.html]
[localhost/doancuoiki/san-pham/snowdrop/indexcf4f.html]
[localhost/doancuoiki/san-pham/snowdrop/index6f32.html]
[localhost/doancuoiki/san-pham/snowdrop/index23a0.html]
[localhost/doancuoiki/san-pham/snowdrop/index56cd.html]
[localhost/doancuoiki/san-pham/snowdrop/index77db.html]
[localhost/doancuoiki/san-pham/buttercup/index5b8d.html]
[localhost/doancuoiki/san-pham/mon-tree/index2b08.html]
[localhost/doancuoiki/san-pham/mon-tree/index6f32.html]
[localhost/doancuoiki/san-pham/mon-tree/indexc887.html]
[localhost/doancuoiki/san-pham/mon-tree/indexeaa3.html]
[localhost/doancuoiki/san-pham/mon-tree/index4bb2.html]
[localhost/doancuoiki/san-pham/mon-tree/indexd06d.html]
[localhost/doancuoiki/san-pham/mon-tree/index6f15.html]
[localhost/doancuoiki/san-pham/mon-tree/index77db.html]
[localhost/doancuoiki/san-pham/mon-tree/index1270.html]
[localhost/doancuoiki/san-pham/pine-cone/index56cd.html]
[localhost/doancuoiki/san-pham/pine-cone/index5b8d.html]
[localhost/doancuoiki/san-pham/pine-cone/indexcf4f.html]
[localhost/doancuoiki/san-pham/pine-cone/index23a0.html]
[localhost/doancuoiki/san-pham/pine-cone/indexfaa8.html]
[localhost/doancuoiki/san-pham/pine-cone/index90a6.html]
[localhost/doancuoiki/san-pham/pine-cone/indexcb0b.html]
[localhost/doancuoiki/san-pham/cry-tree/index4bb2.html]
[localhost/doancuoiki/san-pham/daffodil/index2b08.html]
[localhost/doancuoiki/san-pham/palm/indexfaa8.html]
[localhost/doancuoiki/san-pham/palm/index56cd.html]
[localhost/doancuoiki/san-pham/palm/indexeaa3.html]
[localhost/doancuoiki/san-pham/palm/indexcf4f.html]
[localhost/doancuoiki/san-pham/palm/index2b08.html]
[localhost/doancuoiki/san-pham/palm/index1270.html]
[localhost/doancuoiki/san-pham/palm/index90a6.html]
[localhost/doancuoiki/san-pham/palm/index6f15.html]
[localhost/doancuoiki/san-pham/foxglove/index77db.html]
[localhost/doancuoiki/san-pham/foxglove/indexd06d.html]
[localhost/doancuoiki/san-pham/tree-tea/indexc887.html]
[localhost/doancuoiki/san-pham/tree-tea/indexd06d.html]
[localhost/doancuoiki/san-pham/tree-tea/index4bb2.html]
[localhost/doancuoiki/san-pham/tree-tea/index6f32.html]
[localhost/doancuoiki/san-pham/tree-tea/index2b08.html]
[localhost/doancuoiki/san-pham/freddie-calathea/index1270.html]
[localhost/doancuoiki/san-pham/freddie-calathea/index77db.html]
[localhost/doancuoiki/san-pham/freddie-calathea/indexa528.html]
[localhost/doancuoiki/san-pham/freddie-calathea/index6f15.html]
[localhost/doancuoiki/san-pham/carnation/indexcf4f.html]
[localhost/doancuoiki/san-pham/carnation/index6f32.html]
[localhost/doancuoiki/san-pham/carnation/indexd9a5.html]
[localhost/doancuoiki/san-pham/carnation/index56cd.html]
[localhost/doancuoiki/san-pham/carnation/index4bb2.html]
[localhost/doancuoiki/san-pham/carnation/index6fc7.html]
[localhost/doancuoiki/san-pham/carnation/indexd06d.html]
[localhost/doancuoiki/san-pham/carnation/index90a6.html]
[localhost/doancuoiki/san-pham/carnation/index7188.html]
[localhost/doancuoiki/san-pham/fruit-tree/indexcf4f.html]
[localhost/doancuoiki/san-pham/fruit-tree/index7188.html]
[localhost/doancuoiki/san-pham/fruit-tree/index56cd.html]
[localhost/doancuoiki/san-pham/geranium/index4bb2.html]
[localhost/doancuoiki/san-pham/it-tree/index6f15.html]
[localhost/doancuoiki/san-pham/love-tree/index90a6.html]
[localhost/doancuoiki/san-pham/love-tree/indexd06d.html]
[localhost/doancuoiki/san-pham/love-tree/indexf314.html]
[localhost/doancuoiki/san-pham/love-tree-2/indexc887.html]
[localhost/doancuoiki/san-pham/palm-tree/index474e.html]
[localhost/doancuoiki/san-pham/palm-tree/index77db.html]
[localhost/doancuoiki/san-pham/palm-tree/indexfaa8.html]
[localhost/doancuoiki/san-pham/palm-tree/indexd9a5.html]
[localhost/doancuoiki/san-pham/palm-tree/indexa528.html]
[localhost/doancuoiki/san-pham/palm-tree/indexf314.html]
[localhost/doancuoiki/san-pham/pink-dragon-tree/index1270.html]
[localhost/doancuoiki/san-pham/pink-dragon-tree/indexd9a5.html]
[localhost/doancuoiki/san-pham/pink-dragon-tree/index23a0.html]
[localhost/doancuoiki/san-pham/pink-dragon-tree/index4bb2.html]
[localhost/doancuoiki/san-pham/pink-dragon-tree/indexf6b1.html]
[localhost/doancuoiki/san-pham/pink-dragon-tree/indexc887.html]
[localhost/doancuoiki/san-pham/the-lion-tree/index474e.html]
[localhost/doancuoiki/san-pham/the-lion-tree/indexf6b1.html]
[localhost/doancuoiki/san-pham/the-lion-tree/indexc887.html]
[localhost/doancuoiki/san-pham/tiger-aloe/index4bb2.html]
[localhost/doancuoiki/san-pham/bun-of-flowers/indexfaa8.html]
[localhost/doancuoiki/san-pham/snowdrop/indexf6b1.html]
[localhost/doancuoiki/san-pham/snowdrop/index5b8d.html]
[localhost/doancuoiki/san-pham/mon-tree/indexd9a5.html]
[localhost/doancuoiki/san-pham/mon-tree/indexfaa8.html]
[localhost/doancuoiki/san-pham/pine-cone/index7188.html]
[localhost/doancuoiki/san-pham/pine-cone/index1270.html]
[localhost/doancuoiki/san-pham/daffodil/index90a6.html]
[localhost/doancuoiki/san-pham/palm/index77db.html]
[localhost/doancuoiki/san-pham/palm/indexc887.html]
[localhost/doancuoiki/san-pham/tree-tea/indexf314.html]
[localhost/doancuoiki/san-pham/tree-tea/index77db.html]
[localhost/doancuoiki/san-pham/fruit-tree/index77db.html]
[localhost/doancuoiki/san-pham/palm-tree/index6f32.html]
[localhost/doancuoiki/san-pham/pink-dragon-tree/index7188.html]
[localhost/doancuoiki/san-pham/pink-dragon-tree/index2b08.html]
