[backblue.gif]
[fade.gif]
[index.html]
[localhost/doancuoiki/feed/index.html]
[localhost/doancuoiki/comments/feed/index.html]
[localhost/doancuoiki/wp-content/themes/twentytwentythree/assets/fonts/dm-sans/DMSans-Regular.woff2]
[localhost/doancuoiki/wp-content/themes/twentytwentythree/assets/fonts/dm-sans/DMSans-Regular-Italic.woff2]
[localhost/doancuoiki/wp-content/themes/twentytwentythree/assets/fonts/dm-sans/DMSans-Bold.woff2]
[localhost/doancuoiki/wp-content/themes/twentytwentythree/assets/fonts/dm-sans/DMSans-Bold-Italic.woff2]
[localhost/doancuoiki/wp-content/themes/twentytwentythree/assets/fonts/ibm-plex-mono/IBMPlexMono-Light.woff2]
[localhost/doancuoiki/wp-content/themes/twentytwentythree/assets/fonts/ibm-plex-mono/IBMPlexMono-Regular.woff2]
[localhost/doancuoiki/wp-content/themes/twentytwentythree/assets/fonts/ibm-plex-mono/IBMPlexMono-Italic.woff2]
[localhost/doancuoiki/wp-content/themes/twentytwentythree/assets/fonts/ibm-plex-mono/IBMPlexMono-Bold.woff2]
[localhost/doancuoiki/wp-content/themes/twentytwentythree/assets/fonts/inter/Inter-VariableFont_slnt,wght.ttf]
[localhost/doancuoiki/wp-content/themes/twentytwentythree/assets/fonts/source-serif-pro/SourceSerif4Variable-Roman.ttf.woff2]
[localhost/doancuoiki/wp-content/themes/twentytwentythree/assets/fonts/source-serif-pro/SourceSerif4Variable-Italic.ttf.woff2]
[localhost/doancuoiki/wp-includes/blocks/navigation/view.min92fd.js]
[localhost/doancuoiki/wp-includes/blocks/navigation/view-modal.minad7f.js]
[localhost/doancuoiki/wp-includes/js/jquery/jquery.min3088.js]
[localhost/doancuoiki/wp-includes/js/jquery/jquery-migrate.min5589.js]
[localhost/doancuoiki/xmlrpc0db0.php]
[localhost/doancuoiki/wp-json/index.html]
[localhost/doancuoiki/wp-content/plugins/woocommerce/assets/js/jquery-blockui/jquery.blockUI.min808e.js]
[localhost/doancuoiki/wp-content/plugins/woocommerce/assets/js/frontend/add-to-cart.min2922.js]
[localhost/doancuoiki/wp-content/plugins/woocommerce/assets/js/js-cookie/js.cookie.minbb76.js]
[localhost/doancuoiki/wp-content/plugins/woocommerce/assets/js/frontend/woocommerce.min2922.js]
[localhost/doancuoiki/wp-content/plugins/woocommerce/assets/js/frontend/cart-fragments.min2922.js]
[localhost/doancuoiki/index.html]
[localhost/doancuoiki/wp-includes/blocks/navigation/style.min1ba4.css]
[localhost/doancuoiki/wp-content/plugins/woocommerce/assets/css/woocommerce-layout2922.css]
[localhost/doancuoiki/wp-content/plugins/woocommerce/assets/css/woocommerce-smallscreen2922.css]
[localhost/doancuoiki/wp-content/plugins/woocommerce/assets/fonts/star.eot]
[localhost/doancuoiki/wp-content/plugins/woocommerce/assets/fonts/stard41d.eot]
[localhost/doancuoiki/wp-content/plugins/woocommerce/assets/fonts/star.woff]
[localhost/doancuoiki/wp-content/plugins/woocommerce/assets/fonts/star.ttf]
[localhost/doancuoiki/wp-content/plugins/woocommerce/assets/fonts/WooCommerce.eot]
[localhost/doancuoiki/wp-content/plugins/woocommerce/assets/fonts/WooCommerce.woff]
[localhost/doancuoiki/wp-content/plugins/woocommerce/assets/fonts/WooCommerce.ttf]
[localhost/doancuoiki/wp-content/plugins/woocommerce/assets/fonts/WooCommerced41d.eot]
[localhost/doancuoiki/wp-content/plugins/woocommerce/assets/css/woocommerce-blocktheme2922.css]
[localhost/doancuoiki/wp-content/plugins/woocommerce/assets/css/twenty-twenty-three2922.css]
[localhost/doancuoiki/cua-hang/feed/index.html]
[localhost/doancuoiki/wp-content/uploads/2023/06/doancuoiki-7-2-450x450.jpg]
[localhost/doancuoiki/wp-content/uploads/2023/06/doancuoiki-84-450x450.jpg]
[localhost/doancuoiki/wp-content/uploads/2023/06/doancuoiki-2023-06-12T151623.948-450x450.jpg]
[localhost/doancuoiki/wp-content/uploads/2023/06/doancuoiki-6-2-450x450.jpg]
[localhost/doancuoiki/wp-content/uploads/2023/06/doancuoiki-60-450x450.jpg]
[localhost/doancuoiki/wp-content/uploads/2023/06/doancuoiki-88-450x450.jpg]
[localhost/doancuoiki/wp-content/uploads/2023/06/doancuoiki-79-450x450.jpg]
[localhost/doancuoiki/wp-content/uploads/2023/06/doancuoiki-58-450x450.jpg]
[localhost/doancuoiki/wp-content/uploads/2023/06/doancuoiki-39-1-450x450.jpg]
[localhost/doancuoiki/wp-content/uploads/2023/06/doancuoiki-2023-06-12T154413.879-450x450.jpg]
[localhost/doancuoiki/wp-content/uploads/2023/06/doancuoiki-28-450x450.jpg]
[localhost/doancuoiki/wp-content/uploads/2023/06/doancuoiki-47-450x450.jpg]
[localhost/doancuoiki/wp-includes/js/jquery/ui/core.min3f14.js]
[localhost/doancuoiki/wp-includes/js/jquery/ui/mouse.min3f14.js]
[localhost/doancuoiki/wp-includes/js/jquery/ui/draggable.min3f14.js]
[localhost/doancuoiki/wp-includes/js/underscore.mind584.js]
[localhost/doancuoiki/wp-includes/js/backbone.min330a.js]
[localhost/doancuoiki/wp-content/plugins/elementor/assets/lib/backbone/backbone.marionette.min4ae5.js]
[localhost/doancuoiki/wp-content/plugins/elementor/assets/lib/backbone/backbone.radio.min4b68.js]
[localhost/doancuoiki/wp-content/plugins/elementor/assets/js/common-modules.mina44d.js]
[localhost/doancuoiki/wp-content/plugins/elementor/assets/js/web-cli.mina44d.js]
[localhost/doancuoiki/wp-content/plugins/elementor/assets/lib/dialog/dialog.mind227.js]
[localhost/doancuoiki/wp-includes/js/api-request.min1ba4.js]
[localhost/doancuoiki/wp-content/plugins/elementor/assets/js/dev-tools.mina44d.js]
[localhost/doancuoiki/wp-includes/js/dist/vendor/wp-polyfill-inert.min0226.js]
[localhost/doancuoiki/wp-includes/js/dist/vendor/regenerator-runtime.min8fa4.js]
[localhost/doancuoiki/wp-includes/js/dist/vendor/wp-polyfill.min2c7c.js]
[localhost/doancuoiki/wp-includes/js/dist/hooks.min6c65.js]
[localhost/doancuoiki/wp-includes/js/dist/i18n.mine57b.js]
[localhost/doancuoiki/wp-content/plugins/elementor/assets/js/common.mina44d.js]
[localhost/doancuoiki/wp-content/plugins/elementor/assets/js/app-loader.mina44d.js]
[localhost/doancuoiki/cua-hang/index.html]
[localhost/doancuoiki/wp-json/wp/v2/pages/8.json]
[localhost/doancuoiki/wp-json/oembed/1.0/embed8811.json]
[localhost/doancuoiki/wp-json/oembed/1.0/embed31ba]
[localhost/doancuoiki/wp-content/plugins/woocommerce/assets/js/frontend/country-select.min2922.js]
[localhost/doancuoiki/wp-content/plugins/woocommerce/assets/js/frontend/address-i18n.min2922.js]
[localhost/doancuoiki/wp-content/plugins/woocommerce/assets/js/frontend/cart.min2922.js]
[localhost/doancuoiki/wp-content/plugins/woocommerce/assets/js/selectWoo/selectWoo.full.min3b28.js]
[localhost/doancuoiki/gio-hang/index.html]
[localhost/doancuoiki/wp-json/wp/v2/pages/2.json]
[localhost/doancuoiki/sample-page/feed/index.html]
[localhost/doancuoiki/wp-json/oembed/1.0/embedc411.json]
[localhost/doancuoiki/wp-json/oembed/1.0/embedd0bf]
[localhost/doancuoiki/sample-page/index.html]
[localhost/doancuoiki/wp-json/wp/v2/pages/10.json]
[localhost/doancuoiki/wp-json/oembed/1.0/embeda8c2.json]
[localhost/doancuoiki/wp-json/oembed/1.0/embed68d9]
[localhost/doancuoiki/tai-khoan/index.html]
[localhost/doancuoiki/thanh-toan/index.html]
[localhost/doancuoiki/blog/2023/06/12/hello-world/feed/index.html]
[localhost/doancuoiki/wp-json/wp/v2/posts/1.json]
[localhost/doancuoiki/wp-json/oembed/1.0/embedf00d.json]
[localhost/doancuoiki/wp-json/oembed/1.0/embedbbcf]
[localhost/doancuoiki/blog/2023/06/12/hello-world/index.html]
[localhost/doancuoiki/wp-includes/js/comment-reply.min1ba4.js]
[localhost/doancuoiki/wp-content/plugins/woocommerce/assets/fonts/star.svg]
[localhost/doancuoiki/wp-content/plugins/woocommerce/assets/fonts/WooCommerce.svg]
[localhost/doancuoiki/wp-content/plugins/woocommerce/assets/images/icons/loader.svg]
[localhost/doancuoiki/wp-content/plugins/woocommerce/packages/woocommerce-blocks/build/wc-blocks-vendors-style0a14.css]
[localhost/doancuoiki/wp-content/plugins/woocommerce/packages/woocommerce-blocks/build/wc-blocks-style0a14.css]
[localhost/doancuoiki/wp-content/plugins/elementor/assets/lib/eicons/fonts/eiconsb732.eot]
[localhost/doancuoiki/wp-content/plugins/elementor/assets/lib/eicons/fonts/eiconsb732.woff2]
[localhost/doancuoiki/wp-content/plugins/elementor/assets/lib/eicons/fonts/eiconsb732.woff]
[localhost/doancuoiki/wp-content/plugins/elementor/assets/lib/eicons/fonts/eiconsb732.ttf]
[localhost/doancuoiki/wp-content/plugins/elementor/assets/lib/eicons/css/elementor-icons.minfc13.css]
[localhost/doancuoiki/wp-content/plugins/elementor/assets/css/common.mina44d.css]
[localhost/doancuoiki/wp-content/plugins/elementor/assets/css/theme-light.mina44d.css]
[localhost/doancuoiki/san-pham/annya-kamidi/feed/index.html]
[localhost/doancuoiki/wp-json/wp/v2/product/234.json]
[localhost/doancuoiki/wp-json/oembed/1.0/embed01f6.json]
[localhost/doancuoiki/wp-json/oembed/1.0/embedd104]
[localhost/doancuoiki/wp-content/uploads/2023/06/doancuoiki-7-2.jpg]
[localhost/doancuoiki/wp-content/uploads/2023/06/doancuoiki-7-2-600x403.jpg]
[localhost/doancuoiki/wp-content/uploads/2023/06/doancuoiki-89.jpg]
[localhost/doancuoiki/wp-content/uploads/2023/06/doancuoiki-62.jpg]
[localhost/doancuoiki/wp-content/uploads/2023/06/doancuoiki-52.jpg]
[localhost/doancuoiki/wp-content/uploads/2023/06/doancuoiki-2023-06-12T151623.947-450x450.jpg]
[localhost/doancuoiki/wp-content/uploads/2023/06/doancuoiki-87-450x450.jpg]
[localhost/doancuoiki/wp-content/plugins/woocommerce/assets/js/zoom/jquery.zoom.mina8e7.js]
[localhost/doancuoiki/wp-content/plugins/woocommerce/assets/js/flexslider/jquery.flexslider.min84a7.js]
[localhost/doancuoiki/wp-content/plugins/woocommerce/assets/js/photoswipe/photoswipe.min6a36.js]
[localhost/doancuoiki/wp-content/plugins/woocommerce/assets/js/photoswipe/photoswipe-ui-default.min6a36.js]
[localhost/doancuoiki/wp-content/plugins/woocommerce/assets/js/frontend/single-product.min2922.js]
[localhost/doancuoiki/san-pham/annya-kamidi/index.html]
[localhost/doancuoiki/cua-hang/index77db.html]
[localhost/doancuoiki/san-pham/bun-of-flowers/feed/index.html]
[localhost/doancuoiki/wp-json/wp/v2/product/252.json]
[localhost/doancuoiki/wp-json/oembed/1.0/embed0e1e.json]
[localhost/doancuoiki/wp-json/oembed/1.0/embed7f65]
[localhost/doancuoiki/wp-content/uploads/2023/06/doancuoiki-84.jpg]
[localhost/doancuoiki/wp-content/uploads/2023/06/doancuoiki-22.jpg]
[localhost/doancuoiki/wp-content/uploads/2023/06/doancuoiki-21-1.jpg]
[localhost/doancuoiki/wp-content/uploads/2023/06/doancuoiki-19.jpg]
[localhost/doancuoiki/wp-content/uploads/2023/06/doancuoiki-19-600x713.jpg]
[localhost/doancuoiki/wp-content/uploads/2023/06/doancuoiki-30-1.jpg]
[localhost/doancuoiki/wp-content/uploads/2023/06/doancuoiki-2023-06-12T151623.954-450x450.jpg]
[localhost/doancuoiki/wp-content/uploads/2023/06/doancuoiki-2023-06-12T154428.317-450x450.jpg]
[localhost/doancuoiki/wp-content/uploads/2023/06/doancuoiki-52-450x450.jpg]
[localhost/doancuoiki/san-pham/bun-of-flowers/index.html]
[localhost/doancuoiki/cua-hang/indexeaa3.html]
[localhost/doancuoiki/wp-json/wp/v2/product/251.json]
[localhost/doancuoiki/san-pham/buttercup/feed/index.html]
[localhost/doancuoiki/wp-json/oembed/1.0/embedca39.json]
[localhost/doancuoiki/wp-json/oembed/1.0/embed4f3e]
[localhost/doancuoiki/wp-content/uploads/2023/06/doancuoiki-2023-06-12T151623.948.jpg]
[localhost/doancuoiki/wp-content/uploads/2023/06/doancuoiki-12.jpg]
[localhost/doancuoiki/wp-content/uploads/2023/06/doancuoiki-34-1-450x450.jpg]
[localhost/doancuoiki/wp-content/uploads/2023/06/doancuoiki-63-1-450x450.jpg]
[localhost/doancuoiki/san-pham/buttercup/index.html]
[localhost/doancuoiki/cua-hang/indexa528.html]
[localhost/doancuoiki/wp-json/wp/v2/product/282.json]
[localhost/doancuoiki/san-pham/carnation-sao-chep/feed/index.html]
[localhost/doancuoiki/wp-json/oembed/1.0/embed8b75.json]
[localhost/doancuoiki/wp-json/oembed/1.0/embed5502]
[localhost/doancuoiki/wp-content/uploads/2023/06/doancuoiki-6-2.jpg]
[localhost/doancuoiki/wp-content/uploads/2023/06/doancuoiki-6-2-600x403.jpg]
[localhost/doancuoiki/wp-content/uploads/2023/06/doancuoiki-2023-06-12T154505.996.jpg]
[localhost/doancuoiki/wp-content/uploads/2023/06/doancuoiki-2023-06-12T154505.996-600x713.jpg]
[localhost/doancuoiki/wp-content/uploads/2023/06/doancuoiki-2023-06-12T154504.693.jpg]
[localhost/doancuoiki/wp-content/uploads/2023/06/doancuoiki-2023-06-12T154504.693-600x713.jpg]
[localhost/doancuoiki/wp-content/uploads/2023/06/doancuoiki-2023-06-12T154428.317.jpg]
[localhost/doancuoiki/wp-content/uploads/2023/06/doancuoiki-2023-06-12T154428.317-600x713.jpg]
[localhost/doancuoiki/wp-includes/js/wp-util.min1ba4.js]
[localhost/doancuoiki/wp-content/plugins/woocommerce/assets/js/frontend/add-to-cart-variation.min2922.js]
[localhost/doancuoiki/san-pham/carnation-sao-chep/index.html]
[localhost/doancuoiki/wp-json/wp/v2/product/248.json]
[localhost/doancuoiki/wp-json/oembed/1.0/embede6bc.json]
[localhost/doancuoiki/wp-json/oembed/1.0/embedeabb]
[localhost/doancuoiki/san-pham/chrysanthemum/feed/index.html]
[localhost/doancuoiki/wp-content/uploads/2023/06/doancuoiki-60.jpg]
[localhost/doancuoiki/wp-content/uploads/2023/06/doancuoiki-60-600x403.jpg]
[localhost/doancuoiki/wp-content/uploads/2023/06/doancuoiki-78.jpg]
[localhost/doancuoiki/wp-content/uploads/2023/06/doancuoiki-78-600x713.jpg]
[localhost/doancuoiki/wp-content/uploads/2023/06/doancuoiki-77.jpg]
[localhost/doancuoiki/wp-content/uploads/2023/06/doancuoiki-77-600x713.jpg]
[localhost/doancuoiki/wp-content/uploads/2023/06/doancuoiki-34.jpg]
[localhost/doancuoiki/san-pham/chrysanthemum/index.html]
[localhost/doancuoiki/cua-hang/indexd9a5.html]
[localhost/doancuoiki/wp-json/wp/v2/product/244.json]
[localhost/doancuoiki/san-pham/cry-tree/feed/index.html]
[localhost/doancuoiki/wp-json/oembed/1.0/embed0729.json]
[localhost/doancuoiki/wp-json/oembed/1.0/embed30ce]
[localhost/doancuoiki/wp-content/uploads/2023/06/doancuoiki-88.jpg]
[localhost/doancuoiki/wp-content/uploads/2023/06/doancuoiki-88-600x403.jpg]
[localhost/doancuoiki/san-pham/cry-tree/index.html]
[localhost/doancuoiki/cua-hang/index7188.html]
[localhost/doancuoiki/wp-json/wp/v2/product/253.json]
[localhost/doancuoiki/san-pham/daffodil/feed/index.html]
[localhost/doancuoiki/wp-json/oembed/1.0/embed417c.json]
[localhost/doancuoiki/wp-json/oembed/1.0/embede90a]
[localhost/doancuoiki/wp-content/uploads/2023/06/doancuoiki-79.jpg]
[localhost/doancuoiki/wp-content/uploads/2023/06/doancuoiki-76.jpg]
[localhost/doancuoiki/wp-content/uploads/2023/06/doancuoiki-76-600x713.jpg]
[localhost/doancuoiki/wp-content/uploads/2023/06/doancuoiki-73.jpg]
[localhost/doancuoiki/wp-content/uploads/2023/06/doancuoiki-73-600x403.jpg]
[localhost/doancuoiki/san-pham/daffodil/index.html]
[localhost/doancuoiki/wp-json/wp/v2/product/246.json]
[localhost/doancuoiki/san-pham/evergreen/feed/index.html]
[localhost/doancuoiki/wp-json/oembed/1.0/embedea1f.json]
[localhost/doancuoiki/wp-json/oembed/1.0/embedd0da]
[localhost/doancuoiki/wp-content/uploads/2023/06/doancuoiki-58.jpg]
[localhost/doancuoiki/wp-content/uploads/2023/06/doancuoiki-29-1-450x450.jpg]
[localhost/doancuoiki/san-pham/evergreen/index.html]
[localhost/doancuoiki/cua-hang/indexcb0b.html]
[localhost/doancuoiki/san-pham/evergreen-2/feed/index.html]
[localhost/doancuoiki/wp-json/wp/v2/product/280.json]
[localhost/doancuoiki/wp-json/oembed/1.0/embed6106.json]
[localhost/doancuoiki/wp-json/oembed/1.0/embed5e85]
[localhost/doancuoiki/san-pham/evergreen-2/index.html]
[localhost/doancuoiki/wp-content/uploads/2023/06/doancuoiki-20-450x450.jpg]
[localhost/doancuoiki/cua-hang/index700a.html]
[localhost/doancuoiki/san-pham/foxglove/feed/index.html]
[localhost/doancuoiki/wp-json/wp/v2/product/250.json]
[localhost/doancuoiki/wp-json/oembed/1.0/embed887f.json]
[localhost/doancuoiki/wp-json/oembed/1.0/embed736a]
[localhost/doancuoiki/san-pham/foxglove/index.html]
[localhost/doancuoiki/cua-hang/index1270.html]
[localhost/doancuoiki/san-pham/freddie-calathea/feed/index.html]
[localhost/doancuoiki/wp-json/wp/v2/product/63.json]
[localhost/doancuoiki/wp-json/oembed/1.0/embedf258.json]
[localhost/doancuoiki/wp-json/oembed/1.0/embed2604]
[localhost/doancuoiki/wp-content/uploads/2023/06/doancuoiki-39-1.jpg]
[localhost/doancuoiki/wp-content/uploads/2023/06/doancuoiki-20-1.jpg]
[localhost/doancuoiki/wp-content/uploads/2023/06/doancuoiki-20-1-600x713.jpg]
[localhost/doancuoiki/wp-content/uploads/2023/06/doancuoiki-38-1.jpg]
[localhost/doancuoiki/wp-content/uploads/2023/06/doancuoiki-18-1.jpg]
[localhost/doancuoiki/wp-content/uploads/2023/06/doancuoiki-18-1-600x713.jpg]
[localhost/doancuoiki/san-pham/freddie-calathea/index.html]
[localhost/doancuoiki/cua-hang/indexc887.html]
[localhost/doancuoiki/wp-json/wp/v2/product/259.json]
[localhost/doancuoiki/san-pham/fruit-tree/feed/index.html]
[localhost/doancuoiki/wp-json/oembed/1.0/embed1f58.json]
[localhost/doancuoiki/wp-json/oembed/1.0/embed6af8]
[localhost/doancuoiki/wp-content/uploads/2023/06/doancuoiki-87.jpg]
[localhost/doancuoiki/wp-content/uploads/2023/06/doancuoiki-87-600x403.jpg]
[localhost/doancuoiki/wp-content/uploads/2023/06/doancuoiki-86.jpg]
[localhost/doancuoiki/wp-content/uploads/2023/06/doancuoiki-2023-06-12T151623.955.jpg]
[localhost/doancuoiki/san-pham/fruit-tree/index.html]
[localhost/doancuoiki/wp-json/wp/v2/product/249.json]
[localhost/doancuoiki/wp-json/oembed/1.0/embed4ec3.json]
[localhost/doancuoiki/san-pham/geranium/feed/index.html]
[localhost/doancuoiki/wp-json/oembed/1.0/embedea44]
[localhost/doancuoiki/wp-content/uploads/2023/06/doancuoiki-2023-06-12T154413.879.jpg]
[localhost/doancuoiki/wp-content/uploads/2023/06/doancuoiki-2023-06-12T154413.879-600x713.jpg]
[localhost/doancuoiki/san-pham/geranium/index.html]
[localhost/doancuoiki/cua-hang/indexfaa8.html]
[localhost/doancuoiki/wp-json/wp/v2/product/245.json]
[localhost/doancuoiki/san-pham/it-tree/feed/index.html]
[localhost/doancuoiki/wp-json/oembed/1.0/embedd0da.json]
[localhost/doancuoiki/wp-json/oembed/1.0/embed601a]
[localhost/doancuoiki/wp-content/uploads/2023/06/doancuoiki-28.jpg]
[localhost/doancuoiki/san-pham/it-tree/index.html]
[localhost/doancuoiki/cua-hang/index23a0.html]
[localhost/doancuoiki/wp-json/wp/v2/product/243.json]
[localhost/doancuoiki/san-pham/love-tree/feed/index.html]
[localhost/doancuoiki/wp-json/oembed/1.0/embed6a36.json]
[localhost/doancuoiki/wp-json/oembed/1.0/embed537c]
[localhost/doancuoiki/wp-content/uploads/2023/06/doancuoiki-47.jpg]
[localhost/doancuoiki/san-pham/love-tree/index.html]
[localhost/doancuoiki/wp-content/uploads/2023/06/doancuoiki-47-600x403.jpg]
[localhost/doancuoiki/cua-hang/index2b08.html]
[localhost/doancuoiki/san-pham/love-tree-2/feed/index.html]
[localhost/doancuoiki/wp-json/wp/v2/product/281.json]
[localhost/doancuoiki/wp-json/oembed/1.0/embed84dd.json]
[localhost/doancuoiki/wp-json/oembed/1.0/embed0325]
[localhost/doancuoiki/san-pham/love-tree-2/index.html]
[localhost/doancuoiki/cua-hang/indexa38d.html]
[localhost/doancuoiki/wp-content/uploads/2023/06/doancuoiki-2023-06-12T151623.950-450x450.jpg]
[localhost/doancuoiki/wp-content/uploads/2023/06/doancuoiki-56-450x450.jpg]
[localhost/doancuoiki/wp-content/uploads/2023/06/doancuoiki-85-450x450.jpg]
[localhost/doancuoiki/cua-hang/page/2/index.html]
[localhost/doancuoiki/cua-hang/page/3/index.html]
[localhost/doancuoiki/wp-content/plugins/woocommerce/assets/css/select22922.css]
[localhost/doancuoiki/index2df4.html]
[localhost/doancuoiki/index905b.html]
[localhost/doancuoiki/wp-admin/index.html]
[localhost/doancuoiki/index64b4.html]
[localhost/doancuoiki/wp-includes/js/zxcvbn-async.min5152.js]
[localhost/doancuoiki/wp-admin/js/password-strength-meter.min1ba4.js]
[localhost/doancuoiki/wp-content/plugins/woocommerce/assets/js/frontend/password-strength-meter.min2922.js]
[localhost/doancuoiki/wp-content/plugins/woocommerce/assets/js/frontend/lost-password.min2922.js]
[localhost/doancuoiki/tai-khoan/lost-password/index.html]
[localhost/doancuoiki/indexcff1.html]
[localhost/doancuoiki/blog/category/uncategorized/feed/index.html]
[localhost/doancuoiki/wp-json/wp/v2/categories/1.json]
[localhost/doancuoiki/blog/category/uncategorized/index.html]
[localhost/doancuoiki/blog/2023/06/12/hello-world/index6809.html]
[localhost/doancuoiki/wp-content/plugins/elementor/assets/lib/eicons/fonts/eiconsb732.svg]
[localhost/doancuoiki/wp-content/plugins/woocommerce/assets/css/photoswipe/default-skin/default-skin.png]
[localhost/doancuoiki/wp-content/plugins/woocommerce/assets/css/photoswipe/photoswipe.min2922.css]
[localhost/doancuoiki/wp-content/plugins/woocommerce/assets/css/photoswipe/default-skin/preloader.gif]
[localhost/doancuoiki/wp-content/plugins/woocommerce/assets/css/photoswipe/default-skin/default-skin.min2922.css]
[localhost/doancuoiki/index6cd9.html]
[localhost/doancuoiki/danh-muc-san-pham/low-maintenance/feed/index.html]
[localhost/doancuoiki/wp-json/wp/v2/product_cat/18.json]
[localhost/doancuoiki/danh-muc-san-pham/low-maintenance/index.html]
[localhost/doancuoiki/danh-muc-san-pham/plant-bundle/feed/index.html]
[localhost/doancuoiki/wp-json/wp/v2/product_cat/19.json]
[localhost/doancuoiki/danh-muc-san-pham/plant-bundle/index.html]
[localhost/doancuoiki/wp-json/wp/v2/product_tag/20.json]
[localhost/doancuoiki/tu-khoa-san-pham/hot/index.html]
[localhost/doancuoiki/wp-json/wp/v2/product_tag/24.json]
[localhost/doancuoiki/tu-khoa-san-pham/men/index.html]
[localhost/doancuoiki/tu-khoa-san-pham/hot/feed/index.html]
[localhost/doancuoiki/wp-json/wp/v2/product/236.e5.delayed]
[localhost/doancuoiki/wp-json/oembed/1.0/embede049.json]
[localhost/doancuoiki/wp-json/oembed/1.0/embed91ad]
[localhost/doancuoiki/wp-content/uploads/2023/06/doancuoiki-2023-06-12T151623.947.jpg]
[localhost/doancuoiki/san-pham/the-lion-tree/index.html]
[localhost/doancuoiki/san-pham/annya-kamidi/index5b8d.html]
[localhost/doancuoiki/san-pham/annya-kamidi/index7188.html]
[localhost/doancuoiki/san-pham/annya-kamidi/indexcb0b.html]
[localhost/doancuoiki/tu-khoa-san-pham/men/feed/index.html]
[localhost/doancuoiki/wp-json/wp/v2/product/229.json]
[localhost/doancuoiki/wp-json/oembed/1.0/embedfca1.json]
[localhost/doancuoiki/wp-json/oembed/1.0/embed4081]
[localhost/doancuoiki/san-pham/the-beginner-set/index.html]
[localhost/doancuoiki/san-pham/the-lion-tree/feed/index.html]
[localhost/doancuoiki/indexa943.html]
[localhost/doancuoiki/wp-json/wp/v2/product_cat/15.json]
[localhost/doancuoiki/danh-muc-san-pham/air-purifying/index.html]
[localhost/doancuoiki/wp-json/wp/v2/product_cat/16.json]
[localhost/doancuoiki/danh-muc-san-pham/ceramic-pots/index.html]
[localhost/doancuoiki/san-pham/the-beginner-set/feed/index.html]
[localhost/doancuoiki/wp-json/wp/v2/product_tag/21.json]
[localhost/doancuoiki/tu-khoa-san-pham/trend/index.html]
[localhost/doancuoiki/danh-muc-san-pham/air-purifying/feed/index.html]
[localhost/doancuoiki/wp-json/wp/v2/product/225.json]
[localhost/doancuoiki/wp-json/oembed/1.0/embed0511.json]
[localhost/doancuoiki/wp-json/oembed/1.0/embed6322]
[localhost/doancuoiki/wp-content/uploads/2023/06/doancuoiki-2023-06-12T151623.954.jpg]
[localhost/doancuoiki/san-pham/tiger-aloe/index.html]
[localhost/doancuoiki/san-pham/bun-of-flowers/index8ff5.html]
[localhost/doancuoiki/san-pham/bun-of-flowers/index23a0.html]
[localhost/doancuoiki/wp-json/wp/v2/product/207.json]
[localhost/doancuoiki/danh-muc-san-pham/ceramic-pots/feed/index.html]
[localhost/doancuoiki/wp-json/oembed/1.0/embed5f27.json]
[localhost/doancuoiki/wp-json/oembed/1.0/embedf297]
[localhost/doancuoiki/wp-content/uploads/2023/06/doancuoiki-2023-06-12T154415.453.jpg]
[localhost/doancuoiki/wp-content/uploads/2023/06/doancuoiki-2023-06-12T154415.453-600x713.jpg]
[localhost/doancuoiki/san-pham/pine-tree/index.html]
[localhost/doancuoiki/san-pham/bun-of-flowers/index6f32.html]
[localhost/doancuoiki/tu-khoa-san-pham/trend/feed/index.html]
[localhost/doancuoiki/wp-json/wp/v2/product/198.json]
[localhost/doancuoiki/wp-json/oembed/1.0/embedc033.json]
[localhost/doancuoiki/wp-json/oembed/1.0/embede88e]
[localhost/doancuoiki/san-pham/philippine-evergreen/index.html]
[localhost/doancuoiki/san-pham/bun-of-flowers/index6f15.html]
[localhost/doancuoiki/indexd6e1.html]
[localhost/doancuoiki/san-pham/tiger-aloe/feed/index.html]
[localhost/doancuoiki/wp-json/wp/v2/product/247.json]
[localhost/doancuoiki/wp-json/oembed/1.0/embed579f.json]
